Archive member included to satisfy reference by file (symbol)

C:/ST/STM32CubeCLT_1.18.0/GNU-tools-for-STM32/bin/../lib/gcc/arm-none-eabi/13.3.1/../../../../arm-none-eabi/lib/thumb/v7-m/nofp\libc_nano.a(libc_a-exit.o)
                              C:/ST/STM32CubeCLT_1.18.0/GNU-tools-for-STM32/bin/../lib/gcc/arm-none-eabi/13.3.1/../../../../arm-none-eabi/lib/thumb/v7-m/nofp/crt0.o (exit)
C:/ST/STM32CubeCLT_1.18.0/GNU-tools-for-STM32/bin/../lib/gcc/arm-none-eabi/13.3.1/../../../../arm-none-eabi/lib/thumb/v7-m/nofp\libc_nano.a(libc_a-findfp.o)
                              C:/ST/STM32CubeCLT_1.18.0/GNU-tools-for-STM32/bin/../lib/gcc/arm-none-eabi/13.3.1/../../../../arm-none-eabi/lib/thumb/v7-m/nofp\libc_nano.a(libc_a-exit.o) (__stdio_exit_handler)
C:/ST/STM32CubeCLT_1.18.0/GNU-tools-for-STM32/bin/../lib/gcc/arm-none-eabi/13.3.1/../../../../arm-none-eabi/lib/thumb/v7-m/nofp\libc_nano.a(libc_a-fwalk.o)
                              C:/ST/STM32CubeCLT_1.18.0/GNU-tools-for-STM32/bin/../lib/gcc/arm-none-eabi/13.3.1/../../../../arm-none-eabi/lib/thumb/v7-m/nofp\libc_nano.a(libc_a-findfp.o) (_fwalk_sglue)
C:/ST/STM32CubeCLT_1.18.0/GNU-tools-for-STM32/bin/../lib/gcc/arm-none-eabi/13.3.1/../../../../arm-none-eabi/lib/thumb/v7-m/nofp\libc_nano.a(libc_a-stdio.o)
                              C:/ST/STM32CubeCLT_1.18.0/GNU-tools-for-STM32/bin/../lib/gcc/arm-none-eabi/13.3.1/../../../../arm-none-eabi/lib/thumb/v7-m/nofp\libc_nano.a(libc_a-findfp.o) (__sread)
C:/ST/STM32CubeCLT_1.18.0/GNU-tools-for-STM32/bin/../lib/gcc/arm-none-eabi/13.3.1/../../../../arm-none-eabi/lib/thumb/v7-m/nofp\libc_nano.a(libc_a-memset.o)
                              C:/ST/STM32CubeCLT_1.18.0/GNU-tools-for-STM32/bin/../lib/gcc/arm-none-eabi/13.3.1/../../../../arm-none-eabi/lib/thumb/v7-m/nofp/crt0.o (memset)
C:/ST/STM32CubeCLT_1.18.0/GNU-tools-for-STM32/bin/../lib/gcc/arm-none-eabi/13.3.1/../../../../arm-none-eabi/lib/thumb/v7-m/nofp\libc_nano.a(libc_a-closer.o)
                              C:/ST/STM32CubeCLT_1.18.0/GNU-tools-for-STM32/bin/../lib/gcc/arm-none-eabi/13.3.1/../../../../arm-none-eabi/lib/thumb/v7-m/nofp\libc_nano.a(libc_a-stdio.o) (_close_r)
C:/ST/STM32CubeCLT_1.18.0/GNU-tools-for-STM32/bin/../lib/gcc/arm-none-eabi/13.3.1/../../../../arm-none-eabi/lib/thumb/v7-m/nofp\libc_nano.a(libc_a-reent.o)
                              C:/ST/STM32CubeCLT_1.18.0/GNU-tools-for-STM32/bin/../lib/gcc/arm-none-eabi/13.3.1/../../../../arm-none-eabi/lib/thumb/v7-m/nofp\libc_nano.a(libc_a-closer.o) (errno)
C:/ST/STM32CubeCLT_1.18.0/GNU-tools-for-STM32/bin/../lib/gcc/arm-none-eabi/13.3.1/../../../../arm-none-eabi/lib/thumb/v7-m/nofp\libc_nano.a(libc_a-impure.o)
                              C:/ST/STM32CubeCLT_1.18.0/GNU-tools-for-STM32/bin/../lib/gcc/arm-none-eabi/13.3.1/../../../../arm-none-eabi/lib/thumb/v7-m/nofp\libc_nano.a(libc_a-reent.o) (_impure_ptr)
C:/ST/STM32CubeCLT_1.18.0/GNU-tools-for-STM32/bin/../lib/gcc/arm-none-eabi/13.3.1/../../../../arm-none-eabi/lib/thumb/v7-m/nofp\libc_nano.a(libc_a-lseekr.o)
                              C:/ST/STM32CubeCLT_1.18.0/GNU-tools-for-STM32/bin/../lib/gcc/arm-none-eabi/13.3.1/../../../../arm-none-eabi/lib/thumb/v7-m/nofp\libc_nano.a(libc_a-stdio.o) (_lseek_r)
C:/ST/STM32CubeCLT_1.18.0/GNU-tools-for-STM32/bin/../lib/gcc/arm-none-eabi/13.3.1/../../../../arm-none-eabi/lib/thumb/v7-m/nofp\libc_nano.a(libc_a-readr.o)
                              C:/ST/STM32CubeCLT_1.18.0/GNU-tools-for-STM32/bin/../lib/gcc/arm-none-eabi/13.3.1/../../../../arm-none-eabi/lib/thumb/v7-m/nofp\libc_nano.a(libc_a-stdio.o) (_read_r)
C:/ST/STM32CubeCLT_1.18.0/GNU-tools-for-STM32/bin/../lib/gcc/arm-none-eabi/13.3.1/../../../../arm-none-eabi/lib/thumb/v7-m/nofp\libc_nano.a(libc_a-writer.o)
                              C:/ST/STM32CubeCLT_1.18.0/GNU-tools-for-STM32/bin/../lib/gcc/arm-none-eabi/13.3.1/../../../../arm-none-eabi/lib/thumb/v7-m/nofp\libc_nano.a(libc_a-stdio.o) (_write_r)
C:/ST/STM32CubeCLT_1.18.0/GNU-tools-for-STM32/bin/../lib/gcc/arm-none-eabi/13.3.1/../../../../arm-none-eabi/lib/thumb/v7-m/nofp\libc_nano.a(libc_a-init.o)
                              C:/ST/STM32CubeCLT_1.18.0/GNU-tools-for-STM32/bin/../lib/gcc/arm-none-eabi/13.3.1/../../../../arm-none-eabi/lib/thumb/v7-m/nofp/crt0.o (__libc_init_array)
C:/ST/STM32CubeCLT_1.18.0/GNU-tools-for-STM32/bin/../lib/gcc/arm-none-eabi/13.3.1/../../../../arm-none-eabi/lib/thumb/v7-m/nofp\libc_nano.a(libc_a-lock.o)
                              C:/ST/STM32CubeCLT_1.18.0/GNU-tools-for-STM32/bin/../lib/gcc/arm-none-eabi/13.3.1/../../../../arm-none-eabi/lib/thumb/v7-m/nofp\libc_nano.a(libc_a-findfp.o) (__retarget_lock_init_recursive)
C:/ST/STM32CubeCLT_1.18.0/GNU-tools-for-STM32/bin/../lib/gcc/arm-none-eabi/13.3.1/../../../../arm-none-eabi/lib/thumb/v7-m/nofp\libc_nano.a(libc_a-freer.o)
                              C:/ST/STM32CubeCLT_1.18.0/GNU-tools-for-STM32/bin/../lib/gcc/arm-none-eabi/13.3.1/../../../../arm-none-eabi/lib/thumb/v7-m/nofp\libc_nano.a(libc_a-reent.o) (_free_r)
[...]
Memory Configuration

Name             Origin             Length             Attributes
RAM              0x20000000         0x00005000         xrw
FLASH            0x08000000         0x00010000         xr
*default*        0x00000000         0xffffffff

Linker script and memory map

LOAD C:/ST/STM32CubeCLT_1.18.0/GNU-tools-for-STM32/bin/../lib/gcc/arm-none-eabi/13.3.1/thumb/v7-m/nofp/crti.o
LOAD C:/ST/STM32CubeCLT_1.18.0/GNU-tools-for-STM32/bin/../lib/gcc/arm-none-eabi/13.3.1/thumb/v7-m/nofp/crtbegin.o
LOAD C:/ST/STM32CubeCLT_1.18.0/GNU-tools-for-STM32/bin/../lib/gcc/arm-none-eabi/13.3.1/../../../../arm-none-eabi/lib/thumb/v7-m/nofp/crt0.o
START GROUP
LOAD C:/ST/STM32CubeCLT_1.18.0/GNU-tools-for-STM32/bin/../lib/gcc/arm-none-eabi/13.3.1/../../../../arm-none-eabi/lib/thumb/v7-m/nofp\libc_nano.a
LOAD C:/ST/STM32CubeCLT_1.18.0/GNU-tools-for-STM32/bin/../lib/gcc/arm-none-eabi/13.3.1/../../../../arm-none-eabi/lib/thumb/v7-m/nofp\libm.a
END GROUP
LOAD cmake/stm32cubemx/CMakeFiles/STM32_Drivers.dir/__/__/Core/Src/system_stm32f1xx.c.obj
LOAD cmake/stm32cubemx/CMakeFiles/STM32_Drivers.dir/__/__/Drivers/STM32F1xx_HAL_Driver/Src/stm32f1xx_hal_gpio_ex.c.obj
LOAD cmake/stm32cubemx/CMakeFiles/STM32_Drivers.dir/__/__/Drivers/STM32F1xx_HAL_Driver/Src/stm32f1xx_hal_pcd.c.obj
LOAD cmake/stm32cubemx/CMakeFiles/STM32_Drivers.dir/__/__/Drivers/STM32F1xx_HAL_Driver/Src/stm32f1xx_hal_pcd_ex.c.obj
LOAD cmake/stm32cubemx/CMakeFiles/STM32_Drivers.dir/__/__/Drivers/STM32F1xx_HAL_Driver/Src/stm32f1xx_ll_usb.c.obj
LOAD cmake/stm32cubemx/CMakeFiles/STM32_Drivers.dir/__/__/Drivers/STM32F1xx_HAL_Driver/Src/stm32f1xx_hal.c.obj
LOAD cmake/stm32cubemx/CMakeFiles/STM32_Drivers.dir/__/__/Drivers/STM32F1xx_HAL_Driver/Src/stm32f1xx_hal_rcc.c.obj
LOAD cmake/stm32cubemx/CMakeFiles/STM32_Drivers.dir/__/__/Drivers/STM32F1xx_HAL_Driver/Src/stm32f1xx_hal_rcc_ex.c.obj
LOAD cmake/stm32cubemx/CMakeFiles/STM32_Drivers.dir/__/__/Drivers/STM32F1xx_HAL_Driver/Src/stm32f1xx_hal_gpio.c.obj
LOAD cmake/stm32cubemx/CMakeFiles/STM32_Drivers.dir/__/__/Drivers/STM32F1xx_HAL_Driver/Src/stm32f1xx_hal_dma.c.obj
LOAD cmake/stm32cubemx/CMakeFiles/STM32_Drivers.dir/__/__/Drivers/STM32F1xx_HAL_Driver/Src/stm32f1xx_hal_cortex.c.obj
LOAD cmake/stm32cubemx/CMakeFiles/STM32_Drivers.dir/__/__/Drivers/STM32F1xx_HAL_Driver/Src/stm32f1xx_hal_pwr.c.obj
LOAD cmake/stm32cubemx/CMakeFiles/STM32_Drivers.dir/__/__/Drivers/STM32F1xx_HAL_Driver/Src/stm32f1xx_hal_flash.c.obj
LOAD cmake/stm32cubemx/CMakeFiles/STM32_Drivers.dir/__/__/Drivers/STM32F1xx_HAL_Driver/Src/stm32f1xx_hal_flash_ex.c.obj
LOAD cmake/stm32cubemx/CMakeFiles/STM32_Drivers.dir/__/__/Drivers/STM32F1xx_HAL_Driver/Src/stm32f1xx_hal_exti.c.obj
LOAD cmake/stm32cubemx/CMakeFiles/USB_Device_Library.dir/__/__/Middlewares/ST/STM32_USB_Device_Library/Core/Src/usbd_core.c.obj
LOAD cmake/stm32cubemx/CMakeFiles/USB_Device_Library.dir/__/__/Middlewares/ST/STM32_USB_Device_Library/Core/Src/usbd_ctlreq.c.obj
LOAD cmake/stm32cubemx/CMakeFiles/USB_Device_Library.dir/__/__/Middlewares/ST/STM32_USB_Device_Library/Core/Src/usbd_ioreq.c.obj
LOAD cmake/stm32cubemx/CMakeFiles/USB_Device_Library.dir/__/__/Middlewares/ST/STM32_USB_Device_Library/Class/CDC/Src/usbd_cdc.c.obj
LOAD CMakeFiles/template_STM32F103C8T6.dir/USB_DEVICE/Target/usbd_conf.c.obj
LOAD CMakeFiles/template_STM32F103C8T6.dir/USB_DEVICE/App/usb_device.c.obj
LOAD CMakeFiles/template_STM32F103C8T6.dir/USB_DEVICE/App/usbd_desc.c.obj
LOAD CMakeFiles/template_STM32F103C8T6.dir/USB_DEVICE/App/usbd_cdc_if.c.obj
LOAD CMakeFiles/template_STM32F103C8T6.dir/Core/Src/main.c.obj
LOAD CMakeFiles/template_STM32F103C8T6.dir/Core/Src/gpio.c.obj
LOAD CMakeFiles/template_STM32F103C8T6.dir/Core/Src/stm32f1xx_it.c.obj
LOAD CMakeFiles/template_STM32F103C8T6.dir/Core/Src/stm32f1xx_hal_msp.c.obj
LOAD CMakeFiles/template_STM32F103C8T6.dir/Core/Src/sysmem.c.obj
LOAD CMakeFiles/template_STM32F103C8T6.dir/Core/Src/syscalls.c.obj
LOAD CMakeFiles/template_STM32F103C8T6.dir/startup_stm32f103xb.s.obj
START GROUP
LOAD C:/ST/STM32CubeCLT_1.18.0/GNU-tools-for-STM32/bin/../lib/gcc/arm-none-eabi/13.3.1/thumb/v7-m/nofp\libgcc.a
LOAD C:/ST/STM32CubeCLT_1.18.0/GNU-tools-for-STM32/bin/../lib/gcc/arm-none-eabi/13.3.1/../../../../arm-none-eabi/lib/thumb/v7-m/nofp\libg_nano.a
LOAD C:/ST/STM32CubeCLT_1.18.0/GNU-tools-for-STM32/bin/../lib/gcc/arm-none-eabi/13.3.1/../../../../arm-none-eabi/lib/thumb/v7-m/nofp\libc_nano.a
END GROUP
START GROUP
LOAD C:/ST/STM32CubeCLT_1.18.0/GNU-tools-for-STM32/bin/../lib/gcc/arm-none-eabi/13.3.1/thumb/v7-m/nofp\libgcc.a
LOAD C:/ST/STM32CubeCLT_1.18.0/GNU-tools-for-STM32/bin/../lib/gcc/arm-none-eabi/13.3.1/../../../../arm-none-eabi/lib/thumb/v7-m/nofp\libc_nano.a
END GROUP
LOAD C:/ST/STM32CubeCLT_1.18.0/GNU-tools-for-STM32/bin/../lib/gcc/arm-none-eabi/13.3.1/thumb/v7-m/nofp/crtend.o
LOAD C:/ST/STM32CubeCLT_1.18.0/GNU-tools-for-STM32/bin/../lib/gcc/arm-none-eabi/13.3.1/thumb/v7-m/nofp/crtn.o
                0x20005000                        _estack = (ORIGIN (RAM) + LENGTH (RAM))
                0x00000200                        _Min_Heap_Size = 0x200
                0x00000400                        _Min_Stack_Size = 0x400

.isr_vector     0x08000000      0x10c
                0x08000000                        . = ALIGN (0x4)
 *(.isr_vector)
 .isr_vector    0x08000000      0x10c CMakeFiles/template_STM32F103C8T6.dir/startup_stm32f103xb.s.obj
                0x08000000                g_pfnVectors
                0x0800010c                        . = ALIGN (0x4)

.text           0x0800010c     0x71e0
                0x0800010c                        . = ALIGN (0x4)
 *(.text)
 .text          0x0800010c       0x40 C:/ST/STM32CubeCLT_1.18.0/GNU-tools-for-STM32/bin/../lib/gcc/arm-none-eabi/13.3.1/thumb/v7-m/nofp/crtbegin.o
 .text          0x0800014c       0x10 C:/ST/STM32CubeCLT_1.18.0/GNU-tools-for-STM32/bin/../lib/gcc/arm-none-eabi/13.3.1/../../../../arm-none-eabi/lib/thumb/v7-m/nofp\libg_nano.a(libc_a-strlen.o)
                0x0800014c                strlen
 *(.text*)
 .text.memset   0x0800015c       0x10 C:/ST/STM32CubeCLT_1.18.0/GNU-tools-for-STM32/bin/../lib/gcc/arm-none-eabi/13.3.1/../../../../arm-none-eabi/lib/thumb/v7-m/nofp\libc_nano.a(libc_a-memset.o)
                0x0800015c                memset
 .text.__libc_init_array
                0x0800016c       0x48 C:/ST/STM32CubeCLT_1.18.0/GNU-tools-for-STM32/bin/../lib/gcc/arm-none-eabi/13.3.1/../../../../arm-none-eabi/lib/thumb/v7-m/nofp\libc_nano.a(libc_a-init.o)
                0x0800016c                __libc_init_array
 .text.SystemInit
                0x080001b4        0xc cmake/stm32cubemx/CMakeFiles/STM32_Drivers.dir/__/__/Core/Src/system_stm32f1xx.c.obj
                0x080001b4                SystemInit
 .text.HAL_PCD_Init
                0x080001c0      0x1ec cmake/stm32cubemx/CMakeFiles/STM32_Drivers.dir/__/__/Drivers/STM32F1xx_HAL_Driver/Src/stm32f1xx_hal_pcd.c.obj
                0x080001c0                HAL_PCD_Init
 .text.HAL_PCD_Start
                0x080003ac       0x4c cmake/stm32cubemx/CMakeFiles/STM32_Drivers.dir/__/__/Drivers/STM32F1xx_HAL_Driver/Src/stm32f1xx_hal_pcd.c.obj
                0x080003ac                HAL_PCD_Start
 .text.HAL_PCD_IRQHandler
                0x080003f8      0x260 cmake/stm32cubemx/CMakeFiles/STM32_Drivers.dir/__/__/Drivers/STM32F1xx_HAL_Driver/Src/stm32f1xx_hal_pcd.c.obj
                0x080003f8                HAL_PCD_IRQHandler
 .text.HAL_PCD_SetAddress
                0x08000658       0x48 cmake/stm32cubemx/CMakeFiles/STM32_Drivers.dir/__/__/Drivers/STM32F1xx_HAL_Driver/Src/stm32f1xx_hal_pcd.c.obj
                0x08000658                HAL_PCD_SetAddress
 .text.HAL_PCD_EP_Open
                0x080006a0       0xba cmake/stm32cubemx/CMakeFiles/STM32_Drivers.dir/__/__/Drivers/STM32F1xx_HAL_Driver/Src/stm32f1xx_hal_pcd.c.obj
                0x080006a0                HAL_PCD_EP_Open
 .text.HAL_PCD_EP_Close
                0x0800075a       0x90 cmake/stm32cubemx/CMakeFiles/STM32_Drivers.dir/__/__/Drivers/STM32F1xx_HAL_Driver/Src/stm32f1xx_hal_pcd.c.obj
                0x0800075a                HAL_PCD_EP_Close
 .text.HAL_PCD_EP_Receive
                0x080007ea       0x62 cmake/stm32cubemx/CMakeFiles/STM32_Drivers.dir/__/__/Drivers/STM32F1xx_HAL_Driver/Src/stm32f1xx_hal_pcd.c.obj
                0x080007ea                HAL_PCD_EP_Receive
 .text.HAL_PCD_EP_GetRxCount
                0x0800084c       0x2e cmake/stm32cubemx/CMakeFiles/STM32_Drivers.dir/__/__/Drivers/STM32F1xx_HAL_Driver/Src/stm32f1xx_hal_pcd.c.obj
                0x0800084c                HAL_PCD_EP_GetRxCount
 .text.HAL_PCD_EP_Transmit
                0x0800087a       0x6e cmake/stm32cubemx/CMakeFiles/STM32_Drivers.dir/__/__/Drivers/STM32F1xx_HAL_Driver/Src/stm32f1xx_hal_pcd.c.obj
                0x0800087a                HAL_PCD_EP_Transmit
 .text.HAL_PCD_EP_SetStall
                0x080008e8       0xc0 cmake/stm32cubemx/CMakeFiles/STM32_Drivers.dir/__/__/Drivers/STM32F1xx_HAL_Driver/Src/stm32f1xx_hal_pcd.c.obj
                0x080008e8                HAL_PCD_EP_SetStall
 .text.HAL_PCD_EP_ClrStall
                0x080009a8       0xa8 cmake/stm32cubemx/CMakeFiles/STM32_Drivers.dir/__/__/Drivers/STM32F1xx_HAL_Driver/Src/stm32f1xx_hal_pcd.c.obj
                0x080009a8                HAL_PCD_EP_ClrStall
 .text.PCD_EP_ISR_Handler
                0x08000a50      0x79e cmake/stm32cubemx/CMakeFiles/STM32_Drivers.dir/__/__/Drivers/STM32F1xx_HAL_Driver/Src/stm32f1xx_hal_pcd.c.obj
 .text.HAL_PCD_EP_DB_Receive
                0x080011ee      0x21a cmake/stm32cubemx/CMakeFiles/STM32_Drivers.dir/__/__/Drivers/STM32F1xx_HAL_Driver/Src/stm32f1xx_hal_pcd.c.obj
 .text.HAL_PCD_EP_DB_Transmit
                0x08001408      0x7f4 cmake/stm32cubemx/CMakeFiles/STM32_Drivers.dir/__/__/Drivers/STM32F1xx_HAL_Driver/Src/stm32f1xx_hal_pcd.c.obj
 .text.HAL_PCDEx_PMAConfig
                0x08001bfc       0x84 cmake/stm32cubemx/CMakeFiles/STM32_Drivers.dir/__/__/Drivers/STM32F1xx_HAL_Driver/Src/stm32f1xx_hal_pcd_ex.c.obj
                0x08001bfc                HAL_PCDEx_PMAConfig
 .text.USB_CoreInit
                0x08001c80       0x1a cmake/stm32cubemx/CMakeFiles/STM32_Drivers.dir/__/__/Drivers/STM32F1xx_HAL_Driver/Src/stm32f1xx_ll_usb.c.obj
                0x08001c80                USB_CoreInit
 .text.USB_EnableGlobalInt
                0x08001c9a       0x2c cmake/stm32cubemx/CMakeFiles/STM32_Drivers.dir/__/__/Drivers/STM32F1xx_HAL_Driver/Src/stm32f1xx_ll_usb.c.obj
                0x08001c9a                USB_EnableGlobalInt
 .text.USB_DisableGlobalInt
                0x08001cc6       0x34 cmake/stm32cubemx/CMakeFiles/STM32_Drivers.dir/__/__/Drivers/STM32F1xx_HAL_Driver/Src/stm32f1xx_ll_usb.c.obj
                0x08001cc6                USB_DisableGlobalInt
 .text.USB_SetCurrentMode
                0x08001cfa       0x18 cmake/stm32cubemx/CMakeFiles/STM32_Drivers.dir/__/__/Drivers/STM32F1xx_HAL_Driver/Src/stm32f1xx_ll_usb.c.obj
                0x08001cfa                USB_SetCurrentMode
 .text.USB_DevInit
                0x08001d12       0x3a cmake/stm32cubemx/CMakeFiles/STM32_Drivers.dir/__/__/Drivers/STM32F1xx_HAL_Driver/Src/stm32f1xx_ll_usb.c.obj
                0x08001d12                USB_DevInit
 .text.USB_ActivateEndpoint
                0x08001d4c      0x780 cmake/stm32cubemx/CMakeFiles/STM32_Drivers.dir/__/__/Drivers/STM32F1xx_HAL_Driver/Src/stm32f1xx_ll_usb.c.obj
                0x08001d4c                USB_ActivateEndpoint
 .text.USB_DeactivateEndpoint
                0x080024cc      0x3d8 cmake/stm32cubemx/CMakeFiles/STM32_Drivers.dir/__/__/Drivers/STM32F1xx_HAL_Driver/Src/stm32f1xx_ll_usb.c.obj
                0x080024cc                USB_DeactivateEndpoint
 .text.USB_EPStartXfer
                0x080028a4     0x1762 cmake/stm32cubemx/CMakeFiles/STM32_Drivers.dir/__/__/Drivers/STM32F1xx_HAL_Driver/Src/stm32f1xx_ll_usb.c.obj
                0x080028a4                USB_EPStartXfer
 .text.USB_EPSetStall
                0x08004006       0xa0 cmake/stm32cubemx/CMakeFiles/STM32_Drivers.dir/__/__/Drivers/STM32F1xx_HAL_Driver/Src/stm32f1xx_ll_usb.c.obj
                0x08004006                USB_EPSetStall
 .text.USB_EPClearStall
                0x080040a6      0x15a cmake/stm32cubemx/CMakeFiles/STM32_Drivers.dir/__/__/Drivers/STM32F1xx_HAL_Driver/Src/stm32f1xx_ll_usb.c.obj
                0x080040a6                USB_EPClearStall
 .text.USB_SetDevAddress
                0x08004200       0x26 cmake/stm32cubemx/CMakeFiles/STM32_Drivers.dir/__/__/Drivers/STM32F1xx_HAL_Driver/Src/stm32f1xx_ll_usb.c.obj
                0x08004200                USB_SetDevAddress
 .text.USB_DevConnect
                0x08004226       0x14 cmake/stm32cubemx/CMakeFiles/STM32_Drivers.dir/__/__/Drivers/STM32F1xx_HAL_Driver/Src/stm32f1xx_ll_usb.c.obj
                0x08004226                USB_DevConnect
 .text.USB_DevDisconnect
                0x0800423a       0x14 cmake/stm32cubemx/CMakeFiles/STM32_Drivers.dir/__/__/Drivers/STM32F1xx_HAL_Driver/Src/stm32f1xx_ll_usb.c.obj
                0x0800423a                USB_DevDisconnect
 .text.USB_ReadInterrupts
                0x0800424e       0x1e cmake/stm32cubemx/CMakeFiles/STM32_Drivers.dir/__/__/Drivers/STM32F1xx_HAL_Driver/Src/stm32f1xx_ll_usb.c.obj
                0x0800424e                USB_ReadInterrupts
 .text.USB_EP0_OutStart
                0x0800426c       0x16 cmake/stm32cubemx/CMakeFiles/STM32_Drivers.dir/__/__/Drivers/STM32F1xx_HAL_Driver/Src/stm32f1xx_ll_usb.c.obj
                0x0800426c                USB_EP0_OutStart
 .text.USB_WritePMA
                0x08004282       0x8c cmake/stm32cubemx/CMakeFiles/STM32_Drivers.dir/__/__/Drivers/STM32F1xx_HAL_Driver/Src/stm32f1xx_ll_usb.c.obj
                0x08004282                USB_WritePMA
 .text.USB_ReadPMA
                0x0800430e       0x9e cmake/stm32cubemx/CMakeFiles/STM32_Drivers.dir/__/__/Drivers/STM32F1xx_HAL_Driver/Src/stm32f1xx_ll_usb.c.obj
                0x0800430e                USB_ReadPMA
 .text.HAL_Init
                0x080043ac       0x2c cmake/stm32cubemx/CMakeFiles/STM32_Drivers.dir/__/__/Drivers/STM32F1xx_HAL_Driver/Src/stm32f1xx_hal.c.obj
                0x080043ac                HAL_Init
 .text.HAL_InitTick
                0x080043d8       0x60 cmake/stm32cubemx/CMakeFiles/STM32_Drivers.dir/__/__/Drivers/STM32F1xx_HAL_Driver/Src/stm32f1xx_hal.c.obj
                0x080043d8                HAL_InitTick
 .text.HAL_IncTick
                0x08004438       0x24 cmake/stm32cubemx/CMakeFiles/STM32_Drivers.dir/__/__/Drivers/STM32F1xx_HAL_Driver/Src/stm32f1xx_hal.c.obj
                0x08004438                HAL_IncTick
 .text.HAL_GetTick
                0x0800445c       0x14 cmake/stm32cubemx/CMakeFiles/STM32_Drivers.dir/__/__/Drivers/STM32F1xx_HAL_Driver/Src/stm32f1xx_hal.c.obj
                0x0800445c                HAL_GetTick
 .text.HAL_Delay
                0x08004470       0x48 cmake/stm32cubemx/CMakeFiles/STM32_Drivers.dir/__/__/Drivers/STM32F1xx_HAL_Driver/Src/stm32f1xx_hal.c.obj
                0x08004470                HAL_Delay
 .text.HAL_RCC_OscConfig
                0x080044b8      0x504 cmake/stm32cubemx/CMakeFiles/STM32_Drivers.dir/__/__/Drivers/STM32F1xx_HAL_Driver/Src/stm32f1xx_hal_rcc.c.obj
                0x080044b8                HAL_RCC_OscConfig
 .text.HAL_RCC_ClockConfig
                0x080049bc      0x1d4 cmake/stm32cubemx/CMakeFiles/STM32_Drivers.dir/__/__/Drivers/STM32F1xx_HAL_Driver/Src/stm32f1xx_hal_rcc.c.obj
                0x080049bc                HAL_RCC_ClockConfig
 .text.HAL_RCC_GetSysClockFreq
                0x08004b90       0xa8 cmake/stm32cubemx/CMakeFiles/STM32_Drivers.dir/__/__/Drivers/STM32F1xx_HAL_Driver/Src/stm32f1xx_hal_rcc.c.obj
                0x08004b90                HAL_RCC_GetSysClockFreq
 .text.RCC_Delay
                0x08004c38       0x3c cmake/stm32cubemx/CMakeFiles/STM32_Drivers.dir/__/__/Drivers/STM32F1xx_HAL_Driver/Src/stm32f1xx_hal_rcc.c.obj
 .text.HAL_RCCEx_PeriphCLKConfig
                0x08004c74      0x16c cmake/stm32cubemx/CMakeFiles/STM32_Drivers.dir/__/__/Drivers/STM32F1xx_HAL_Driver/Src/stm32f1xx_hal_rcc_ex.c.obj
                0x08004c74                HAL_RCCEx_PeriphCLKConfig
 .text.__NVIC_SetPriorityGrouping
                0x08004de0       0x48 cmake/stm32cubemx/CMakeFiles/STM32_Drivers.dir/__/__/Drivers/STM32F1xx_HAL_Driver/Src/stm32f1xx_hal_cortex.c.obj
 .text.__NVIC_GetPriorityGrouping
                0x08004e28       0x1c cmake/stm32cubemx/CMakeFiles/STM32_Drivers.dir/__/__/Drivers/STM32F1xx_HAL_Driver/Src/stm32f1xx_hal_cortex.c.obj
 .text.__NVIC_EnableIRQ
                0x08004e44       0x38 cmake/stm32cubemx/CMakeFiles/STM32_Drivers.dir/__/__/Drivers/STM32F1xx_HAL_Driver/Src/stm32f1xx_hal_cortex.c.obj
 .text.__NVIC_SetPriority
                0x08004e7c       0x54 cmake/stm32cubemx/CMakeFiles/STM32_Drivers.dir/__/__/Drivers/STM32F1xx_HAL_Driver/Src/stm32f1xx_hal_cortex.c.obj
 .text.NVIC_EncodePriority
                0x08004ed0       0x64 cmake/stm32cubemx/CMakeFiles/STM32_Drivers.dir/__/__/Drivers/STM32F1xx_HAL_Driver/Src/stm32f1xx_hal_cortex.c.obj
 .text.SysTick_Config
                0x08004f34       0x44 cmake/stm32cubemx/CMakeFiles/STM32_Drivers.dir/__/__/Drivers/STM32F1xx_HAL_Driver/Src/stm32f1xx_hal_cortex.c.obj
 .text.HAL_NVIC_SetPriorityGrouping
                0x08004f78       0x16 cmake/stm32cubemx/CMakeFiles/STM32_Drivers.dir/__/__/Drivers/STM32F1xx_HAL_Driver/Src/stm32f1xx_hal_cortex.c.obj
                0x08004f78                HAL_NVIC_SetPriorityGrouping
 .text.HAL_NVIC_SetPriority
                0x08004f8e       0x38 cmake/stm32cubemx/CMakeFiles/STM32_Drivers.dir/__/__/Drivers/STM32F1xx_HAL_Driver/Src/stm32f1xx_hal_cortex.c.obj
                0x08004f8e                HAL_NVIC_SetPriority
 .text.HAL_NVIC_EnableIRQ
                0x08004fc6       0x1c cmake/stm32cubemx/CMakeFiles/STM32_Drivers.dir/__/__/Drivers/STM32F1xx_HAL_Driver/Src/stm32f1xx_hal_cortex.c.obj
                0x08004fc6                HAL_NVIC_EnableIRQ
 .text.HAL_SYSTICK_Config
                0x08004fe2       0x18 cmake/stm32cubemx/CMakeFiles/STM32_Drivers.dir/__/__/Drivers/STM32F1xx_HAL_Driver/Src/stm32f1xx_hal_cortex.c.obj
                0x08004fe2                HAL_SYSTICK_Config
 .text.USBD_Init
                0x08004ffa       0x56 cmake/stm32cubemx/CMakeFiles/USB_Device_Library.dir/__/__/Middlewares/ST/STM32_USB_Device_Library/Core/Src/usbd_core.c.obj
                0x08004ffa                USBD_Init
 .text.USBD_RegisterClass
                0x08005050       0x32 cmake/stm32cubemx/CMakeFiles/USB_Device_Library.dir/__/__/Middlewares/ST/STM32_USB_Device_Library/Core/Src/usbd_core.c.obj
                0x08005050                USBD_RegisterClass
 .text.USBD_Start
                0x08005082       0x18 cmake/stm32cubemx/CMakeFiles/USB_Device_Library.dir/__/__/Middlewares/ST/STM32_USB_Device_Library/Core/Src/usbd_core.c.obj
                0x08005082                USBD_Start
 .text.USBD_RunTestMode
                0x0800509a       0x14 cmake/stm32cubemx/CMakeFiles/USB_Device_Library.dir/__/__/Middlewares/ST/STM32_USB_Device_Library/Core/Src/usbd_core.c.obj
                0x0800509a                USBD_RunTestMode
 .text.USBD_SetClassConfig
                0x080050ae       0x3e cmake/stm32cubemx/CMakeFiles/USB_Device_Library.dir/__/__/Middlewares/ST/STM32_USB_Device_Library/Core/Src/usbd_core.c.obj
                0x080050ae                USBD_SetClassConfig
 .text.USBD_ClrClassConfig
                0x080050ec       0x26 cmake/stm32cubemx/CMakeFiles/USB_Device_Library.dir/__/__/Middlewares/ST/STM32_USB_Device_Library/Core/Src/usbd_core.c.obj
                0x080050ec                USBD_ClrClassConfig
 .text.USBD_LL_SetupStage
                0x08005112       0x9a cmake/stm32cubemx/CMakeFiles/USB_Device_Library.dir/__/__/Middlewares/ST/STM32_USB_Device_Library/Core/Src/usbd_core.c.obj
                0x08005112                USBD_LL_SetupStage
 .text.USBD_LL_DataOutStage
                0x080051ac       0xe2 cmake/stm32cubemx/CMakeFiles/USB_Device_Library.dir/__/__/Middlewares/ST/STM32_USB_Device_Library/Core/Src/usbd_core.c.obj
                0x080051ac                USBD_LL_DataOutStage
 .text.USBD_LL_DataInStage
                0x0800528e      0x14a cmake/stm32cubemx/CMakeFiles/USB_Device_Library.dir/__/__/Middlewares/ST/STM32_USB_Device_Library/Core/Src/usbd_core.c.obj
                0x0800528e                USBD_LL_DataInStage
 .text.USBD_LL_Reset
                0x080053d8       0x82 cmake/stm32cubemx/CMakeFiles/USB_Device_Library.dir/__/__/Middlewares/ST/STM32_USB_Device_Library/Core/Src/usbd_core.c.obj
                0x080053d8                USBD_LL_Reset
 .text.USBD_LL_SetSpeed
                0x0800545a       0x1e cmake/stm32cubemx/CMakeFiles/USB_Device_Library.dir/__/__/Middlewares/ST/STM32_USB_Device_Library/Core/Src/usbd_core.c.obj
                0x0800545a                USBD_LL_SetSpeed
 .text.USBD_LL_Suspend
                0x08005478       0x28 cmake/stm32cubemx/CMakeFiles/USB_Device_Library.dir/__/__/Middlewares/ST/STM32_USB_Device_Library/Core/Src/usbd_core.c.obj
                0x08005478                USBD_LL_Suspend
 .text.USBD_LL_Resume
                0x080054a0       0x2a cmake/stm32cubemx/CMakeFiles/USB_Device_Library.dir/__/__/Middlewares/ST/STM32_USB_Device_Library/Core/Src/usbd_core.c.obj
                0x080054a0                USBD_LL_Resume
 .text.USBD_LL_SOF
                0x080054ca       0x34 cmake/stm32cubemx/CMakeFiles/USB_Device_Library.dir/__/__/Middlewares/ST/STM32_USB_Device_Library/Core/Src/usbd_core.c.obj
                0x080054ca                USBD_LL_SOF
 *fill*         0x080054fe        0x2 
 .text.USBD_StdDevReq
                0x08005500       0xd4 cmake/stm32cubemx/CMakeFiles/USB_Device_Library.dir/__/__/Middlewares/ST/STM32_USB_Device_Library/Core/Src/usbd_ctlreq.c.obj
                0x08005500                USBD_StdDevReq
 .text.USBD_StdItfReq
                0x080055d4       0x90 cmake/stm32cubemx/CMakeFiles/USB_Device_Library.dir/__/__/Middlewares/ST/STM32_USB_Device_Library/Core/Src/usbd_ctlreq.c.obj
                0x080055d4                USBD_StdItfReq
 .text.USBD_StdEPReq
                0x08005664      0x2c6 cmake/stm32cubemx/CMakeFiles/USB_Device_Library.dir/__/__/Middlewares/ST/STM32_USB_Device_Library/Core/Src/usbd_ctlreq.c.obj
                0x08005664                USBD_StdEPReq
 *fill*         0x0800592a        0x2 
 .text.USBD_GetDescriptor
                0x0800592c      0x2d0 cmake/stm32cubemx/CMakeFiles/USB_Device_Library.dir/__/__/Middlewares/ST/STM32_USB_Device_Library/Core/Src/usbd_ctlreq.c.obj
 .text.USBD_SetAddress
                0x08005bfc       0x86 cmake/stm32cubemx/CMakeFiles/USB_Device_Library.dir/__/__/Middlewares/ST/STM32_USB_Device_Library/Core/Src/usbd_ctlreq.c.obj
 *fill*         0x08005c82        0x2 
 .text.USBD_SetConfig
                0x08005c84      0x11c cmake/stm32cubemx/CMakeFiles/USB_Device_Library.dir/__/__/Middlewares/ST/STM32_USB_Device_Library/Core/Src/usbd_ctlreq.c.obj
 .text.USBD_GetConfig
                0x08005da0       0x6a cmake/stm32cubemx/CMakeFiles/USB_Device_Library.dir/__/__/Middlewares/ST/STM32_USB_Device_Library/Core/Src/usbd_ctlreq.c.obj
 .text.USBD_GetStatus
                0x08005e0a       0x66 cmake/stm32cubemx/CMakeFiles/USB_Device_Library.dir/__/__/Middlewares/ST/STM32_USB_Device_Library/Core/Src/usbd_ctlreq.c.obj
 .text.USBD_SetFeature
                0x08005e70       0x28 cmake/stm32cubemx/CMakeFiles/USB_Device_Library.dir/__/__/Middlewares/ST/STM32_USB_Device_Library/Core/Src/usbd_ctlreq.c.obj
 .text.USBD_ClrFeature
                0x08005e98       0x42 cmake/stm32cubemx/CMakeFiles/USB_Device_Library.dir/__/__/Middlewares/ST/STM32_USB_Device_Library/Core/Src/usbd_ctlreq.c.obj
 .text.USBD_ParseSetupRequest
                0x08005eda       0x72 cmake/stm32cubemx/CMakeFiles/USB_Device_Library.dir/__/__/Middlewares/ST/STM32_USB_Device_Library/Core/Src/usbd_ctlreq.c.obj
                0x08005eda                USBD_ParseSetupRequest
 .text.USBD_CtlError
                0x08005f4c       0x22 cmake/stm32cubemx/CMakeFiles/USB_Device_Library.dir/__/__/Middlewares/ST/STM32_USB_Device_Library/Core/Src/usbd_ctlreq.c.obj
                0x08005f4c                USBD_CtlError
 .text.USBD_GetString
                0x08005f6e       0x84 cmake/stm32cubemx/CMakeFiles/USB_Device_Library.dir/__/__/Middlewares/ST/STM32_USB_Device_Library/Core/Src/usbd_ctlreq.c.obj
                0x08005f6e                USBD_GetString
 .text.USBD_GetLen
                0x08005ff2       0x2e cmake/stm32cubemx/CMakeFiles/USB_Device_Library.dir/__/__/Middlewares/ST/STM32_USB_Device_Library/Core/Src/usbd_ctlreq.c.obj
 .text.USBD_CtlSendData
                0x08006020       0x38 cmake/stm32cubemx/CMakeFiles/USB_Device_Library.dir/__/__/Middlewares/ST/STM32_USB_Device_Library/Core/Src/usbd_ioreq.c.obj
                0x08006020                USBD_CtlSendData
 .text.USBD_CtlContinueSendData
                0x08006058       0x24 cmake/stm32cubemx/CMakeFiles/USB_Device_Library.dir/__/__/Middlewares/ST/STM32_USB_Device_Library/Core/Src/usbd_ioreq.c.obj
                0x08006058                USBD_CtlContinueSendData
 .text.USBD_CtlPrepareRx
                0x0800607c       0x3c cmake/stm32cubemx/CMakeFiles/USB_Device_Library.dir/__/__/Middlewares/ST/STM32_USB_Device_Library/Core/Src/usbd_ioreq.c.obj
                0x0800607c                USBD_CtlPrepareRx
 .text.USBD_CtlContinueRx
                0x080060b8       0x24 cmake/stm32cubemx/CMakeFiles/USB_Device_Library.dir/__/__/Middlewares/ST/STM32_USB_Device_Library/Core/Src/usbd_ioreq.c.obj
                0x080060b8                USBD_CtlContinueRx
 .text.USBD_CtlSendStatus
                0x080060dc       0x26 cmake/stm32cubemx/CMakeFiles/USB_Device_Library.dir/__/__/Middlewares/ST/STM32_USB_Device_Library/Core/Src/usbd_ioreq.c.obj
                0x080060dc                USBD_CtlSendStatus
 .text.USBD_CtlReceiveStatus
                0x08006102       0x26 cmake/stm32cubemx/CMakeFiles/USB_Device_Library.dir/__/__/Middlewares/ST/STM32_USB_Device_Library/Core/Src/usbd_ioreq.c.obj
                0x08006102                USBD_CtlReceiveStatus
 .text.USBD_CDC_Init
                0x08006128       0xf4 cmake/stm32cubemx/CMakeFiles/USB_Device_Library.dir/__/__/Middlewares/ST/STM32_USB_Device_Library/Class/CDC/Src/usbd_cdc.c.obj
 .text.USBD_CDC_DeInit
                0x0800621c       0x6e cmake/stm32cubemx/CMakeFiles/USB_Device_Library.dir/__/__/Middlewares/ST/STM32_USB_Device_Library/Class/CDC/Src/usbd_cdc.c.obj
 .text.USBD_CDC_Setup
                0x0800628a      0x146 cmake/stm32cubemx/CMakeFiles/USB_Device_Library.dir/__/__/Middlewares/ST/STM32_USB_Device_Library/Class/CDC/Src/usbd_cdc.c.obj
 .text.USBD_CDC_DataIn
                0x080063d0       0xa6 cmake/stm32cubemx/CMakeFiles/USB_Device_Library.dir/__/__/Middlewares/ST/STM32_USB_Device_Library/Class/CDC/Src/usbd_cdc.c.obj
 .text.USBD_CDC_DataOut
                0x08006476       0x56 cmake/stm32cubemx/CMakeFiles/USB_Device_Library.dir/__/__/Middlewares/ST/STM32_USB_Device_Library/Class/CDC/Src/usbd_cdc.c.obj
 .text.USBD_CDC_EP0_RxReady
                0x080064cc       0x4e cmake/stm32cubemx/CMakeFiles/USB_Device_Library.dir/__/__/Middlewares/ST/STM32_USB_Device_Library/Class/CDC/Src/usbd_cdc.c.obj
 *fill*         0x0800651a        0x2 
 .text.USBD_CDC_GetFSCfgDesc
                0x0800651c       0x20 cmake/stm32cubemx/CMakeFiles/USB_Device_Library.dir/__/__/Middlewares/ST/STM32_USB_Device_Library/Class/CDC/Src/usbd_cdc.c.obj
 .text.USBD_CDC_GetHSCfgDesc
                0x0800653c       0x20 cmake/stm32cubemx/CMakeFiles/USB_Device_Library.dir/__/__/Middlewares/ST/STM32_USB_Device_Library/Class/CDC/Src/usbd_cdc.c.obj
 .text.USBD_CDC_GetOtherSpeedCfgDesc
                0x0800655c       0x20 cmake/stm32cubemx/CMakeFiles/USB_Device_Library.dir/__/__/Middlewares/ST/STM32_USB_Device_Library/Class/CDC/Src/usbd_cdc.c.obj
 .text.USBD_CDC_GetDeviceQualifierDescriptor
                0x0800657c       0x20 cmake/stm32cubemx/CMakeFiles/USB_Device_Library.dir/__/__/Middlewares/ST/STM32_USB_Device_Library/Class/CDC/Src/usbd_cdc.c.obj
                0x0800657c                USBD_CDC_GetDeviceQualifierDescriptor
 .text.USBD_CDC_RegisterInterface
                0x0800659c       0x2c cmake/stm32cubemx/CMakeFiles/USB_Device_Library.dir/__/__/Middlewares/ST/STM32_USB_Device_Library/Class/CDC/Src/usbd_cdc.c.obj
                0x0800659c                USBD_CDC_RegisterInterface
 .text.USBD_CDC_SetTxBuffer
                0x080065c8       0x32 cmake/stm32cubemx/CMakeFiles/USB_Device_Library.dir/__/__/Middlewares/ST/STM32_USB_Device_Library/Class/CDC/Src/usbd_cdc.c.obj
                0x080065c8                USBD_CDC_SetTxBuffer
 .text.USBD_CDC_SetRxBuffer
                0x080065fa       0x26 cmake/stm32cubemx/CMakeFiles/USB_Device_Library.dir/__/__/Middlewares/ST/STM32_USB_Device_Library/Class/CDC/Src/usbd_cdc.c.obj
                0x080065fa                USBD_CDC_SetRxBuffer
 .text.USBD_CDC_TransmitPacket
                0x08006620       0x5e cmake/stm32cubemx/CMakeFiles/USB_Device_Library.dir/__/__/Middlewares/ST/STM32_USB_Device_Library/Class/CDC/Src/usbd_cdc.c.obj
                0x08006620                USBD_CDC_TransmitPacket
 .text.USBD_CDC_ReceivePacket
                0x0800667e       0x54 cmake/stm32cubemx/CMakeFiles/USB_Device_Library.dir/__/__/Middlewares/ST/STM32_USB_Device_Library/Class/CDC/Src/usbd_cdc.c.obj
                0x0800667e                USBD_CDC_ReceivePacket
 *fill*         0x080066d2        0x2 
 .text.HAL_PCD_MspInit
                0x080066d4       0x4c CMakeFiles/template_STM32F103C8T6.dir/USB_DEVICE/Target/usbd_conf.c.obj
                0x080066d4                HAL_PCD_MspInit
 .text.HAL_PCD_SetupStageCallback
                0x08006720       0x24 CMakeFiles/template_STM32F103C8T6.dir/USB_DEVICE/Target/usbd_conf.c.obj
                0x08006720                HAL_PCD_SetupStageCallback
 .text.HAL_PCD_DataOutStageCallback
                0x08006744       0x36 CMakeFiles/template_STM32F103C8T6.dir/USB_DEVICE/Target/usbd_conf.c.obj
                0x08006744                HAL_PCD_DataOutStageCallback
 .text.HAL_PCD_DataInStageCallback
                0x0800677a       0x34 CMakeFiles/template_STM32F103C8T6.dir/USB_DEVICE/Target/usbd_conf.c.obj
                0x0800677a                HAL_PCD_DataInStageCallback
 .text.HAL_PCD_SOFCallback
                0x080067ae       0x1c CMakeFiles/template_STM32F103C8T6.dir/USB_DEVICE/Target/usbd_conf.c.obj
                0x080067ae                HAL_PCD_SOFCallback
 .text.HAL_PCD_ResetCallback
                0x080067ca       0x3c CMakeFiles/template_STM32F103C8T6.dir/USB_DEVICE/Target/usbd_conf.c.obj
                0x080067ca                HAL_PCD_ResetCallback
 *fill*         0x08006806        0x2 
 .text.HAL_PCD_SuspendCallback
                0x08006808       0x34 CMakeFiles/template_STM32F103C8T6.dir/USB_DEVICE/Target/usbd_conf.c.obj
                0x08006808                HAL_PCD_SuspendCallback
 .text.HAL_PCD_ResumeCallback
                0x0800683c       0x1c CMakeFiles/template_STM32F103C8T6.dir/USB_DEVICE/Target/usbd_conf.c.obj
                0x0800683c                HAL_PCD_ResumeCallback
 .text.USBD_LL_Init
                0x08006858       0xb4 CMakeFiles/template_STM32F103C8T6.dir/USB_DEVICE/Target/usbd_conf.c.obj
                0x08006858                USBD_LL_Init
 .text.USBD_LL_Start
                0x0800690c       0x36 CMakeFiles/template_STM32F103C8T6.dir/USB_DEVICE/Target/usbd_conf.c.obj
                0x0800690c                USBD_LL_Start
 .text.USBD_LL_OpenEP
                0x08006942       0x4c CMakeFiles/template_STM32F103C8T6.dir/USB_DEVICE/Target/usbd_conf.c.obj
                0x08006942                USBD_LL_OpenEP
 .text.USBD_LL_CloseEP
                0x0800698e       0x3e CMakeFiles/template_STM32F103C8T6.dir/USB_DEVICE/Target/usbd_conf.c.obj
                0x0800698e                USBD_LL_CloseEP
 .text.USBD_LL_StallEP
                0x080069cc       0x3e CMakeFiles/template_STM32F103C8T6.dir/USB_DEVICE/Target/usbd_conf.c.obj
                0x080069cc                USBD_LL_StallEP
 .text.USBD_LL_ClearStallEP
                0x08006a0a       0x3e CMakeFiles/template_STM32F103C8T6.dir/USB_DEVICE/Target/usbd_conf.c.obj
                0x08006a0a                USBD_LL_ClearStallEP
 .text.USBD_LL_IsStallEP
                0x08006a48       0x56 CMakeFiles/template_STM32F103C8T6.dir/USB_DEVICE/Target/usbd_conf.c.obj
                0x08006a48                USBD_LL_IsStallEP
 .text.USBD_LL_SetUSBAddress
                0x08006a9e       0x3e CMakeFiles/template_STM32F103C8T6.dir/USB_DEVICE/Target/usbd_conf.c.obj
                0x08006a9e                USBD_LL_SetUSBAddress
 .text.USBD_LL_Transmit
                0x08006adc       0x46 CMakeFiles/template_STM32F103C8T6.dir/USB_DEVICE/Target/usbd_conf.c.obj
                0x08006adc                USBD_LL_Transmit
 .text.USBD_LL_PrepareReceive
                0x08006b22       0x46 CMakeFiles/template_STM32F103C8T6.dir/USB_DEVICE/Target/usbd_conf.c.obj
                0x08006b22                USBD_LL_PrepareReceive
 .text.USBD_LL_GetRxDataSize
                0x08006b68       0x26 CMakeFiles/template_STM32F103C8T6.dir/USB_DEVICE/Target/usbd_conf.c.obj
                0x08006b68                USBD_LL_GetRxDataSize
 *fill*         0x08006b8e        0x2 
 .text.USBD_static_malloc
                0x08006b90       0x18 CMakeFiles/template_STM32F103C8T6.dir/USB_DEVICE/Target/usbd_conf.c.obj
                0x08006b90                USBD_static_malloc
 .text.USBD_static_free
                0x08006ba8       0x12 CMakeFiles/template_STM32F103C8T6.dir/USB_DEVICE/Target/usbd_conf.c.obj
                0x08006ba8                USBD_static_free
 .text.HAL_PCDEx_SetConnectionState
                0x08006bba       0x16 CMakeFiles/template_STM32F103C8T6.dir/USB_DEVICE/Target/usbd_conf.c.obj
                0x08006bba                HAL_PCDEx_SetConnectionState
 .text.USBD_Get_USB_Status
                0x08006bd0       0x58 CMakeFiles/template_STM32F103C8T6.dir/USB_DEVICE/Target/usbd_conf.c.obj
 .text.MX_USB_DEVICE_Init
                0x08006c28       0x60 CMakeFiles/template_STM32F103C8T6.dir/USB_DEVICE/App/usb_device.c.obj
                0x08006c28                MX_USB_DEVICE_Init
 .text.USBD_FS_DeviceDescriptor
                0x08006c88       0x24 CMakeFiles/template_STM32F103C8T6.dir/USB_DEVICE/App/usbd_desc.c.obj
                0x08006c88                USBD_FS_DeviceDescriptor
 .text.USBD_FS_LangIDStrDescriptor
                0x08006cac       0x24 CMakeFiles/template_STM32F103C8T6.dir/USB_DEVICE/App/usbd_desc.c.obj
                0x08006cac                USBD_FS_LangIDStrDescriptor
 .text.USBD_FS_ProductStrDescriptor
                0x08006cd0       0x3c CMakeFiles/template_STM32F103C8T6.dir/USB_DEVICE/App/usbd_desc.c.obj
                0x08006cd0                USBD_FS_ProductStrDescriptor
 .text.USBD_FS_ManufacturerStrDescriptor
                0x08006d0c       0x28 CMakeFiles/template_STM32F103C8T6.dir/USB_DEVICE/App/usbd_desc.c.obj
                0x08006d0c                USBD_FS_ManufacturerStrDescriptor
 .text.USBD_FS_SerialStrDescriptor
                0x08006d34       0x24 CMakeFiles/template_STM32F103C8T6.dir/USB_DEVICE/App/usbd_desc.c.obj
                0x08006d34                USBD_FS_SerialStrDescriptor
 .text.USBD_FS_ConfigStrDescriptor
                0x08006d58       0x3c CMakeFiles/template_STM32F103C8T6.dir/USB_DEVICE/App/usbd_desc.c.obj
                0x08006d58                USBD_FS_ConfigStrDescriptor
 .text.USBD_FS_InterfaceStrDescriptor
                0x08006d94       0x3c CMakeFiles/template_STM32F103C8T6.dir/USB_DEVICE/App/usbd_desc.c.obj
                0x08006d94                USBD_FS_InterfaceStrDescriptor
 .text.Get_SerialNum
                0x08006dd0       0x58 CMakeFiles/template_STM32F103C8T6.dir/USB_DEVICE/App/usbd_desc.c.obj
 .text.IntToUnicode
                0x08006e28       0x7c CMakeFiles/template_STM32F103C8T6.dir/USB_DEVICE/App/usbd_desc.c.obj
 .text.CDC_Init_FS
                0x08006ea4       0x28 CMakeFiles/template_STM32F103C8T6.dir/USB_DEVICE/App/usbd_cdc_if.c.obj
 .text.CDC_DeInit_FS
                0x08006ecc        0xe CMakeFiles/template_STM32F103C8T6.dir/USB_DEVICE/App/usbd_cdc_if.c.obj
 *fill*         0x08006eda        0x2 
 .text.CDC_Control_FS
                0x08006edc       0xbc CMakeFiles/template_STM32F103C8T6.dir/USB_DEVICE/App/usbd_cdc_if.c.obj
 .text.CDC_Receive_FS
                0x08006f98       0x74 CMakeFiles/template_STM32F103C8T6.dir/USB_DEVICE/App/usbd_cdc_if.c.obj
 .text.CDC_Transmit_FS
                0x0800700c       0x4c CMakeFiles/template_STM32F103C8T6.dir/USB_DEVICE/App/usbd_cdc_if.c.obj
                0x0800700c                CDC_Transmit_FS
 .text.main     0x08007058       0x40 CMakeFiles/template_STM32F103C8T6.dir/Core/Src/main.c.obj
                0x08007058                main
 .text.SystemClock_Config
                0x08007098       0xb4 CMakeFiles/template_STM32F103C8T6.dir/Core/Src/main.c.obj
                0x08007098                SystemClock_Config
 .text.Error_Handler
                0x0800714c        0xc CMakeFiles/template_STM32F103C8T6.dir/Core/Src/main.c.obj
                0x0800714c                Error_Handler
 .text.MX_GPIO_Init
                0x08007158       0x44 CMakeFiles/template_STM32F103C8T6.dir/Core/Src/gpio.c.obj
                0x08007158                MX_GPIO_Init
 .text.NMI_Handler
                0x0800719c        0x8 CMakeFiles/template_STM32F103C8T6.dir/Core/Src/stm32f1xx_it.c.obj
                0x0800719c                NMI_Handler
 .text.HardFault_Handler
                0x080071a4        0x8 CMakeFiles/template_STM32F103C8T6.dir/Core/Src/stm32f1xx_it.c.obj
                0x080071a4                HardFault_Handler
 .text.MemManage_Handler
                0x080071ac        0x8 CMakeFiles/template_STM32F103C8T6.dir/Core/Src/stm32f1xx_it.c.obj
                0x080071ac                MemManage_Handler
 .text.BusFault_Handler
                0x080071b4        0x8 CMakeFiles/template_STM32F103C8T6.dir/Core/Src/stm32f1xx_it.c.obj
                0x080071b4                BusFault_Handler
 .text.UsageFault_Handler
                0x080071bc        0x8 CMakeFiles/template_STM32F103C8T6.dir/Core/Src/stm32f1xx_it.c.obj
                0x080071bc                UsageFault_Handler
 .text.SVC_Handler
                0x080071c4        0xc CMakeFiles/template_STM32F103C8T6.dir/Core/Src/stm32f1xx_it.c.obj
                0x080071c4                SVC_Handler
 .text.DebugMon_Handler
                0x080071d0        0xc CMakeFiles/template_STM32F103C8T6.dir/Core/Src/stm32f1xx_it.c.obj
                0x080071d0                DebugMon_Handler
 .text.PendSV_Handler
                0x080071dc        0xc CMakeFiles/template_STM32F103C8T6.dir/Core/Src/stm32f1xx_it.c.obj
                0x080071dc                PendSV_Handler
 .text.SysTick_Handler
                0x080071e8        0xc CMakeFiles/template_STM32F103C8T6.dir/Core/Src/stm32f1xx_it.c.obj
                0x080071e8                SysTick_Handler
 .text.USB_LP_CAN1_RX0_IRQHandler
                0x080071f4       0x14 CMakeFiles/template_STM32F103C8T6.dir/Core/Src/stm32f1xx_it.c.obj
                0x080071f4                USB_LP_CAN1_RX0_IRQHandler
 .text.HAL_MspInit
                0x08007208       0x64 CMakeFiles/template_STM32F103C8T6.dir/Core/Src/stm32f1xx_hal_msp.c.obj
                0x08007208                HAL_MspInit
 .text.Reset_Handler
                0x0800726c       0x48 CMakeFiles/template_STM32F103C8T6.dir/startup_stm32f103xb.s.obj
                0x0800726c                Reset_Handler
 .text.Default_Handler
                0x080072b4        0x2 CMakeFiles/template_STM32F103C8T6.dir/startup_stm32f103xb.s.obj
                0x080072b4                RTC_Alarm_IRQHandler
                0x080072b4                EXTI2_IRQHandler
                0x080072b4                TIM1_CC_IRQHandler
                0x080072b4                PVD_IRQHandler
                0x080072b4                EXTI3_IRQHandler
                0x080072b4                EXTI0_IRQHandler
                0x080072b4                I2C2_EV_IRQHandler
                0x080072b4                ADC1_2_IRQHandler
                0x080072b4                SPI1_IRQHandler
                0x080072b4                TAMPER_IRQHandler
                0x080072b4                DMA1_Channel4_IRQHandler
                0x080072b4                USART3_IRQHandler
                0x080072b4                RTC_IRQHandler
                0x080072b4                DMA1_Channel7_IRQHandler
                0x080072b4                CAN1_RX1_IRQHandler
                0x080072b4                TIM4_IRQHandler
                0x080072b4                I2C1_EV_IRQHandler
                0x080072b4                DMA1_Channel6_IRQHandler
                0x080072b4                TIM3_IRQHandler
                0x080072b4                RCC_IRQHandler
                0x080072b4                TIM1_TRG_COM_IRQHandler
                0x080072b4                DMA1_Channel1_IRQHandler
                0x080072b4                Default_Handler
                0x080072b4                EXTI15_10_IRQHandler
                0x080072b4                EXTI9_5_IRQHandler
                0x080072b4                SPI2_IRQHandler
                0x080072b4                DMA1_Channel5_IRQHandler
                0x080072b4                EXTI4_IRQHandler
                0x080072b4                USB_HP_CAN1_TX_IRQHandler
                0x080072b4                DMA1_Channel3_IRQHandler
                0x080072b4                TIM1_UP_IRQHandler
                0x080072b4                WWDG_IRQHandler
                0x080072b4                TIM2_IRQHandler
                0x080072b4                TIM1_BRK_IRQHandler
                0x080072b4                EXTI1_IRQHandler
                0x080072b4                USART2_IRQHandler
                0x080072b4                I2C2_ER_IRQHandler
                0x080072b4                DMA1_Channel2_IRQHandler
                0x080072b4                CAN1_SCE_IRQHandler
                0x080072b4                FLASH_IRQHandler
                0x080072b4                USART1_IRQHandler
                0x080072b4                I2C1_ER_IRQHandler
                0x080072b4                USBWakeUp_IRQHandler
 .text.memcpy   0x080072b6       0x1c C:/ST/STM32CubeCLT_1.18.0/GNU-tools-for-STM32/bin/../lib/gcc/arm-none-eabi/13.3.1/../../../../arm-none-eabi/lib/thumb/v7-m/nofp\libg_nano.a(libc_a-memcpy-stub.o)
                0x080072b6                memcpy
 *(.glue_7)
 .glue_7        0x080072d2        0x0 linker stubs
 *(.glue_7t)
 .glue_7t       0x080072d2        0x0 linker stubs
 *(.eh_frame)
 *fill*         0x080072d2        0x2 
 .eh_frame      0x080072d4        0x0 C:/ST/STM32CubeCLT_1.18.0/GNU-tools-for-STM32/bin/../lib/gcc/arm-none-eabi/13.3.1/thumb/v7-m/nofp/crtbegin.o
 *(.init)
 .init          0x080072d4        0x4 C:/ST/STM32CubeCLT_1.18.0/GNU-tools-for-STM32/bin/../lib/gcc/arm-none-eabi/13.3.1/thumb/v7-m/nofp/crti.o
                0x080072d4                _init
 .init          0x080072d8        0x8 C:/ST/STM32CubeCLT_1.18.0/GNU-tools-for-STM32/bin/../lib/gcc/arm-none-eabi/13.3.1/thumb/v7-m/nofp/crtn.o
 *(.fini)
 .fini          0x080072e0        0x4 C:/ST/STM32CubeCLT_1.18.0/GNU-tools-for-STM32/bin/../lib/gcc/arm-none-eabi/13.3.1/thumb/v7-m/nofp/crti.o
                0x080072e0                _fini
 .fini          0x080072e4        0x8 C:/ST/STM32CubeCLT_1.18.0/GNU-tools-for-STM32/bin/../lib/gcc/arm-none-eabi/13.3.1/thumb/v7-m/nofp/crtn.o
                0x080072ec                        . = ALIGN (0x4)
                0x080072ec                        _etext = .

.vfp11_veneer   0x080072ec        0x0
 .vfp11_veneer  0x080072ec        0x0 linker stubs

.v4_bx          0x080072ec        0x0
 .v4_bx         0x080072ec        0x0 linker stubs

.iplt           0x080072ec        0x0
 .iplt          0x080072ec        0x0 C:/ST/STM32CubeCLT_1.18.0/GNU-tools-for-STM32/bin/../lib/gcc/arm-none-eabi/13.3.1/thumb/v7-m/nofp/crtbegin.o

.rodata         0x080072ec       0x80
                0x080072ec                        . = ALIGN (0x4)
 *(.rodata)
 .rodata        0x080072ec       0x46 CMakeFiles/template_STM32F103C8T6.dir/USB_DEVICE/App/usbd_desc.c.obj
 *fill*         0x08007332        0x2 
 .rodata        0x08007334       0x12 CMakeFiles/template_STM32F103C8T6.dir/Core/Src/main.c.obj
 *(.rodata*)
 *fill*         0x08007346        0x2 
 .rodata.AHBPrescTable
                0x08007348       0x10 cmake/stm32cubemx/CMakeFiles/STM32_Drivers.dir/__/__/Core/Src/system_stm32f1xx.c.obj
                0x08007348                AHBPrescTable
 .rodata.aPLLMULFactorTable.1
                0x08007358       0x10 cmake/stm32cubemx/CMakeFiles/STM32_Drivers.dir/__/__/Drivers/STM32F1xx_HAL_Driver/Src/stm32f1xx_hal_rcc.c.obj
 .rodata.aPredivFactorTable.0
                0x08007368        0x2 cmake/stm32cubemx/CMakeFiles/STM32_Drivers.dir/__/__/Drivers/STM32F1xx_HAL_Driver/Src/stm32f1xx_hal_rcc.c.obj
                0x0800736c                        . = ALIGN (0x4)
 *fill*         0x0800736a        0x2 

.ARM.extab      0x0800736c        0x0
                0x0800736c                        . = ALIGN (0x4)
 *(.ARM.extab* .gnu.linkonce.armextab.*)
                0x0800736c                        . = ALIGN (0x4)

.ARM            0x0800736c        0x8
                0x0800736c                        . = ALIGN (0x4)
                0x0800736c                        __exidx_start = .
 *(.ARM.exidx*)
 .ARM.exidx     0x0800736c        0x8 C:/ST/STM32CubeCLT_1.18.0/GNU-tools-for-STM32/bin/../lib/gcc/arm-none-eabi/13.3.1/../../../../arm-none-eabi/lib/thumb/v7-m/nofp\libg_nano.a(libc_a-strlen.o)
                0x08007374                        __exidx_end = .
                0x08007374                        . = ALIGN (0x4)

.preinit_array  0x08007374        0x0
                0x08007374                        . = ALIGN (0x4)
                0x08007374                        PROVIDE (__preinit_array_start = .)
 *(.preinit_array*)
                0x08007374                        PROVIDE (__preinit_array_end = .)
                0x08007374                        . = ALIGN (0x4)

.init_array     0x08007374        0x4
                0x08007374                        . = ALIGN (0x4)
                0x08007374                        PROVIDE (__init_array_start = .)
 *(SORT_BY_NAME(.init_array.*))
 *(.init_array*)
 .init_array    0x08007374        0x4 C:/ST/STM32CubeCLT_1.18.0/GNU-tools-for-STM32/bin/../lib/gcc/arm-none-eabi/13.3.1/thumb/v7-m/nofp/crtbegin.o
                0x08007378                        PROVIDE (__init_array_end = .)
                0x08007378                        . = ALIGN (0x4)

.fini_array     0x08007378        0x4
                0x08007378                        . = ALIGN (0x4)
                [!provide]                        PROVIDE (__fini_array_start = .)
 *(SORT_BY_NAME(.fini_array.*))
 *(.fini_array*)
 .fini_array    0x08007378        0x4 C:/ST/STM32CubeCLT_1.18.0/GNU-tools-for-STM32/bin/../lib/gcc/arm-none-eabi/13.3.1/thumb/v7-m/nofp/crtbegin.o
                [!provide]                        PROVIDE (__fini_array_end = .)
                0x0800737c                        . = ALIGN (0x4)
                0x0800737c                        _sidata = LOADADDR (.data)

.rel.dyn        0x0800737c        0x0
 .rel.iplt      0x0800737c        0x0 C:/ST/STM32CubeCLT_1.18.0/GNU-tools-for-STM32/bin/../lib/gcc/arm-none-eabi/13.3.1/thumb/v7-m/nofp/crtbegin.o

.data           0x20000000      0x180 load address 0x0800737c
                0x20000000                        . = ALIGN (0x4)
                0x20000000                        _sdata = .
 *(.data)
 *(.data*)
 .data.SystemCoreClock
                0x20000000        0x4 cmake/stm32cubemx/CMakeFiles/STM32_Drivers.dir/__/__/Core/Src/system_stm32f1xx.c.obj
                0x20000000                SystemCoreClock
 .data.uwTickPrio
                0x20000004        0x4 cmake/stm32cubemx/CMakeFiles/STM32_Drivers.dir/__/__/Drivers/STM32F1xx_HAL_Driver/Src/stm32f1xx_hal.c.obj
                0x20000004                uwTickPrio
 .data.uwTickFreq
                0x20000008        0x1 cmake/stm32cubemx/CMakeFiles/STM32_Drivers.dir/__/__/Drivers/STM32F1xx_HAL_Driver/Src/stm32f1xx_hal.c.obj
                0x20000008                uwTickFreq
 *fill*         0x20000009        0x3 
 .data.USBD_CDC_DeviceQualifierDesc
                0x2000000c        0xa cmake/stm32cubemx/CMakeFiles/USB_Device_Library.dir/__/__/Middlewares/ST/STM32_USB_Device_Library/Class/CDC/Src/usbd_cdc.c.obj
 *fill*         0x20000016        0x2 
 .data.USBD_CDC
                0x20000018       0x38 cmake/stm32cubemx/CMakeFiles/USB_Device_Library.dir/__/__/Middlewares/ST/STM32_USB_Device_Library/Class/CDC/Src/usbd_cdc.c.obj
                0x20000018                USBD_CDC
 .data.USBD_CDC_CfgHSDesc
                0x20000050       0x43 cmake/stm32cubemx/CMakeFiles/USB_Device_Library.dir/__/__/Middlewares/ST/STM32_USB_Device_Library/Class/CDC/Src/usbd_cdc.c.obj
                0x20000050                USBD_CDC_CfgHSDesc
 *fill*         0x20000093        0x1 
 .data.USBD_CDC_CfgFSDesc
                0x20000094       0x43 cmake/stm32cubemx/CMakeFiles/USB_Device_Library.dir/__/__/Middlewares/ST/STM32_USB_Device_Library/Class/CDC/Src/usbd_cdc.c.obj
                0x20000094                USBD_CDC_CfgFSDesc
 *fill*         0x200000d7        0x1 
 .data.USBD_CDC_OtherSpeedCfgDesc
                0x200000d8       0x43 cmake/stm32cubemx/CMakeFiles/USB_Device_Library.dir/__/__/Middlewares/ST/STM32_USB_Device_Library/Class/CDC/Src/usbd_cdc.c.obj
                0x200000d8                USBD_CDC_OtherSpeedCfgDesc
 *fill*         0x2000011b        0x1 
 .data.FS_Desc  0x2000011c       0x1c CMakeFiles/template_STM32F103C8T6.dir/USB_DEVICE/App/usbd_desc.c.obj
                0x2000011c                FS_Desc
 .data.USBD_FS_DeviceDesc
                0x20000138       0x12 CMakeFiles/template_STM32F103C8T6.dir/USB_DEVICE/App/usbd_desc.c.obj
                0x20000138                USBD_FS_DeviceDesc
 *fill*         0x2000014a        0x2 
 .data.USBD_LangIDDesc
                0x2000014c        0x4 CMakeFiles/template_STM32F103C8T6.dir/USB_DEVICE/App/usbd_desc.c.obj
                0x2000014c                USBD_LangIDDesc
 .data.USBD_StringSerial
                0x20000150       0x1a CMakeFiles/template_STM32F103C8T6.dir/USB_DEVICE/App/usbd_desc.c.obj
                0x20000150                USBD_StringSerial
 *fill*         0x2000016a        0x2 
 .data.USBD_Interface_fops_FS
                0x2000016c       0x10 CMakeFiles/template_STM32F103C8T6.dir/USB_DEVICE/App/usbd_cdc_if.c.obj
                0x2000016c                USBD_Interface_fops_FS
 .data.data     0x2000017c        0x4 CMakeFiles/template_STM32F103C8T6.dir/Core/Src/main.c.obj
                0x2000017c                data
 *(.RamFunc)
 *(.RamFunc*)
                0x20000180                        . = ALIGN (0x4)
                0x20000180                        _edata = .

.igot.plt       0x20000180        0x0 load address 0x080074fc
 .igot.plt      0x20000180        0x0 C:/ST/STM32CubeCLT_1.18.0/GNU-tools-for-STM32/bin/../lib/gcc/arm-none-eabi/13.3.1/thumb/v7-m/nofp/crtbegin.o
                0x20000180                        . = ALIGN (0x4)

.bss            0x20000180     0x1220 load address 0x080074fc
                0x20000180                        _sbss = .
                0x20000180                        __bss_start__ = _sbss
 *(.bss)
 .bss           0x20000180       0x1c C:/ST/STM32CubeCLT_1.18.0/GNU-tools-for-STM32/bin/../lib/gcc/arm-none-eabi/13.3.1/thumb/v7-m/nofp/crtbegin.o
 *(.bss*)
 .bss.uwTick    0x2000019c        0x4 cmake/stm32cubemx/CMakeFiles/STM32_Drivers.dir/__/__/Drivers/STM32F1xx_HAL_Driver/Src/stm32f1xx_hal.c.obj
                0x2000019c                uwTick
 .bss.cfgidx.0  0x200001a0        0x1 cmake/stm32cubemx/CMakeFiles/USB_Device_Library.dir/__/__/Middlewares/ST/STM32_USB_Device_Library/Core/Src/usbd_ctlreq.c.obj
 *fill*         0x200001a1        0x3 
 .bss.hpcd_USB_FS
                0x200001a4      0x2d8 CMakeFiles/template_STM32F103C8T6.dir/USB_DEVICE/Target/usbd_conf.c.obj
                0x200001a4                hpcd_USB_FS
 .bss.mem.0     0x2000047c      0x220 CMakeFiles/template_STM32F103C8T6.dir/USB_DEVICE/Target/usbd_conf.c.obj
 .bss.hUsbDeviceFS
                0x2000069c      0x2c4 CMakeFiles/template_STM32F103C8T6.dir/USB_DEVICE/App/usb_device.c.obj
                0x2000069c                hUsbDeviceFS
 .bss.USBD_StrDesc
                0x20000960      0x200 CMakeFiles/template_STM32F103C8T6.dir/USB_DEVICE/App/usbd_desc.c.obj
                0x20000960                USBD_StrDesc
 .bss.UserRxBufferFS
                0x20000b60      0x400 CMakeFiles/template_STM32F103C8T6.dir/USB_DEVICE/App/usbd_cdc_if.c.obj
                0x20000b60                UserRxBufferFS
 .bss.UserTxBufferFS
                0x20000f60      0x400 CMakeFiles/template_STM32F103C8T6.dir/USB_DEVICE/App/usbd_cdc_if.c.obj
                0x20000f60                UserTxBufferFS
 .bss.usb_buffer
                0x20001360       0x40 CMakeFiles/template_STM32F103C8T6.dir/Core/Src/main.c.obj
                0x20001360                usb_buffer
 *(COMMON)
                0x200013a0                        . = ALIGN (0x4)
                0x200013a0                        _ebss = .
                0x200013a0                        __bss_end__ = _ebss

._user_heap_stack
                0x200013a0      0x600 load address 0x080074fc
                0x200013a0                        . = ALIGN (0x8)
                [!provide]                        PROVIDE (end = .)
                0x200013a0                        PROVIDE (_end = .)
                0x200015a0                        . = (. + _Min_Heap_Size)
 *fill*         0x200013a0      0x200 
                0x200019a0                        . = (. + _Min_Stack_Size)
 *fill*         0x200015a0      0x400 
                0x200019a0                        . = ALIGN (0x8)

/DISCARD/
 libc.a(*)
 libm.a(*)
 libgcc.a(*)
OUTPUT(template_STM32F103C8T6.elf elf32-littlearm)
LOAD linker stubs
LOAD C:/ST/STM32CubeCLT_1.18.0/GNU-tools-for-STM32/bin/../lib/gcc/arm-none-eabi/13.3.1/../../../../arm-none-eabi/lib/thumb/v7-m/nofp\libc.a
LOAD C:/ST/STM32CubeCLT_1.18.0/GNU-tools-for-STM32/bin/../lib/gcc/arm-none-eabi/13.3.1/../../../../arm-none-eabi/lib/thumb/v7-m/nofp\libm.a
LOAD C:/ST/STM32CubeCLT_1.18.0/GNU-tools-for-STM32/bin/../lib/gcc/arm-none-eabi/13.3.1/thumb/v7-m/nofp\libgcc.a

.ARM.attributes
                0x00000000       0x29
 .ARM.attributes
                0x00000000       0x1d C:/ST/STM32CubeCLT_1.18.0/GNU-tools-for-STM32/bin/../lib/gcc/arm-none-eabi/13.3.1/thumb/v7-m/nofp/crti.o
 .ARM.attributes
                0x0000001d       0x2d C:/ST/STM32CubeCLT_1.18.0/GNU-tools-for-STM32/bin/../lib/gcc/arm-none-eabi/13.3.1/thumb/v7-m/nofp/crtbegin.o
 .ARM.attributes
                0x0000004a       0x2d C:/ST/STM32CubeCLT_1.18.0/GNU-tools-for-STM32/bin/../lib/gcc/arm-none-eabi/13.3.1/../../../../arm-none-eabi/lib/thumb/v7-m/nofp\libc_nano.a(libc_a-memset.o)
 .ARM.attributes
                0x00000077       0x2d C:/ST/STM32CubeCLT_1.18.0/GNU-tools-for-STM32/bin/../lib/gcc/arm-none-eabi/13.3.1/../../../../arm-none-eabi/lib/thumb/v7-m/nofp\libc_nano.a(libc_a-init.o)
 .ARM.attributes
                0x000000a4       0x2d cmake/stm32cubemx/CMakeFiles/STM32_Drivers.dir/__/__/Core/Src/system_stm32f1xx.c.obj
 .ARM.attributes
                0x000000d1       0x2d cmake/stm32cubemx/CMakeFiles/STM32_Drivers.dir/__/__/Drivers/STM32F1xx_HAL_Driver/Src/stm32f1xx_hal_pcd.c.obj
 .ARM.attributes
                0x000000fe       0x2d cmake/stm32cubemx/CMakeFiles/STM32_Drivers.dir/__/__/Drivers/STM32F1xx_HAL_Driver/Src/stm32f1xx_hal_pcd_ex.c.obj
 .ARM.attributes
                0x0000012b       0x2d cmake/stm32cubemx/CMakeFiles/STM32_Drivers.dir/__/__/Drivers/STM32F1xx_HAL_Driver/Src/stm32f1xx_ll_usb.c.obj
 .ARM.attributes
                0x00000158       0x2d cmake/stm32cubemx/CMakeFiles/STM32_Drivers.dir/__/__/Drivers/STM32F1xx_HAL_Driver/Src/stm32f1xx_hal.c.obj
 .ARM.attributes
                0x00000185       0x2d cmake/stm32cubemx/CMakeFiles/STM32_Drivers.dir/__/__/Drivers/STM32F1xx_HAL_Driver/Src/stm32f1xx_hal_rcc.c.obj
 .ARM.attributes
                0x000001b2       0x2d cmake/stm32cubemx/CMakeFiles/STM32_Drivers.dir/__/__/Drivers/STM32F1xx_HAL_Driver/Src/stm32f1xx_hal_rcc_ex.c.obj
 .ARM.attributes
                0x000001df       0x2d cmake/stm32cubemx/CMakeFiles/STM32_Drivers.dir/__/__/Drivers/STM32F1xx_HAL_Driver/Src/stm32f1xx_hal_cortex.c.obj
 .ARM.attributes
                0x0000020c       0x2d cmake/stm32cubemx/CMakeFiles/USB_Device_Library.dir/__/__/Middlewares/ST/STM32_USB_Device_Library/Core/Src/usbd_core.c.obj
 .ARM.attributes
                0x00000239       0x2d cmake/stm32cubemx/CMakeFiles/USB_Device_Library.dir/__/__/Middlewares/ST/STM32_USB_Device_Library/Core/Src/usbd_ctlreq.c.obj
 .ARM.attributes
                0x00000266       0x2d cmake/stm32cubemx/CMakeFiles/USB_Device_Library.dir/__/__/Middlewares/ST/STM32_USB_Device_Library/Core/Src/usbd_ioreq.c.obj
 .ARM.attributes
                0x00000293       0x2d cmake/stm32cubemx/CMakeFiles/USB_Device_Library.dir/__/__/Middlewares/ST/STM32_USB_Device_Library/Class/CDC/Src/usbd_cdc.c.obj
 .ARM.attributes
                0x000002c0       0x2d CMakeFiles/template_STM32F103C8T6.dir/USB_DEVICE/Target/usbd_conf.c.obj
 .ARM.attributes
                0x000002ed       0x2d CMakeFiles/template_STM32F103C8T6.dir/USB_DEVICE/App/usb_device.c.obj
 .ARM.attributes
                0x0000031a       0x2d CMakeFiles/template_STM32F103C8T6.dir/USB_DEVICE/App/usbd_desc.c.obj
 .ARM.attributes
                0x00000347       0x2d CMakeFiles/template_STM32F103C8T6.dir/USB_DEVICE/App/usbd_cdc_if.c.obj
 .ARM.attributes
                0x00000374       0x2d CMakeFiles/template_STM32F103C8T6.dir/Core/Src/main.c.obj
 .ARM.attributes
                0x000003a1       0x2d CMakeFiles/template_STM32F103C8T6.dir/Core/Src/gpio.c.obj
 .ARM.attributes
                0x000003ce       0x2d CMakeFiles/template_STM32F103C8T6.dir/Core/Src/stm32f1xx_it.c.obj
 .ARM.attributes
                0x000003fb       0x2d CMakeFiles/template_STM32F103C8T6.dir/Core/Src/stm32f1xx_hal_msp.c.obj
 .ARM.attributes
                0x00000428       0x21 CMakeFiles/template_STM32F103C8T6.dir/startup_stm32f103xb.s.obj
 .ARM.attributes
                0x00000449       0x2d C:/ST/STM32CubeCLT_1.18.0/GNU-tools-for-STM32/bin/../lib/gcc/arm-none-eabi/13.3.1/../../../../arm-none-eabi/lib/thumb/v7-m/nofp\libg_nano.a(libc_a-memcpy-stub.o)
 .ARM.attributes
                0x00000476       0x17 C:/ST/STM32CubeCLT_1.18.0/GNU-tools-for-STM32/bin/../lib/gcc/arm-none-eabi/13.3.1/../../../../arm-none-eabi/lib/thumb/v7-m/nofp\libg_nano.a(libc_a-strlen.o)
 .ARM.attributes
                0x0000048d       0x1d C:/ST/STM32CubeCLT_1.18.0/GNU-tools-for-STM32/bin/../lib/gcc/arm-none-eabi/13.3.1/thumb/v7-m/nofp/crtn.o

.comment        0x00000000       0x43
 .comment       0x00000000       0x43 cmake/stm32cubemx/CMakeFiles/STM32_Drivers.dir/__/__/Core/Src/system_stm32f1xx.c.obj
                                 0x44 (size before relaxing)
 .comment       0x00000043       0x44 cmake/stm32cubemx/CMakeFiles/STM32_Drivers.dir/__/__/Drivers/STM32F1xx_HAL_Driver/Src/stm32f1xx_hal_pcd.c.obj
 .comment       0x00000043       0x44 cmake/stm32cubemx/CMakeFiles/STM32_Drivers.dir/__/__/Drivers/STM32F1xx_HAL_Driver/Src/stm32f1xx_hal_pcd_ex.c.obj
 .comment       0x00000043       0x44 cmake/stm32cubemx/CMakeFiles/STM32_Drivers.dir/__/__/Drivers/STM32F1xx_HAL_Driver/Src/stm32f1xx_ll_usb.c.obj
 .comment       0x00000043       0x44 cmake/stm32cubemx/CMakeFiles/STM32_Drivers.dir/__/__/Drivers/STM32F1xx_HAL_Driver/Src/stm32f1xx_hal.c.obj
 .comment       0x00000043       0x44 cmake/stm32cubemx/CMakeFiles/STM32_Drivers.dir/__/__/Drivers/STM32F1xx_HAL_Driver/Src/stm32f1xx_hal_rcc.c.obj
 .comment       0x00000043       0x44 cmake/stm32cubemx/CMakeFiles/STM32_Drivers.dir/__/__/Drivers/STM32F1xx_HAL_Driver/Src/stm32f1xx_hal_rcc_ex.c.obj
 .comment       0x00000043       0x44 cmake/stm32cubemx/CMakeFiles/STM32_Drivers.dir/__/__/Drivers/STM32F1xx_HAL_Driver/Src/stm32f1xx_hal_cortex.c.obj
 .comment       0x00000043       0x44 cmake/stm32cubemx/CMakeFiles/USB_Device_Library.dir/__/__/Middlewares/ST/STM32_USB_Device_Library/Core/Src/usbd_core.c.obj
 .comment       0x00000043       0x44 cmake/stm32cubemx/CMakeFiles/USB_Device_Library.dir/__/__/Middlewares/ST/STM32_USB_Device_Library/Core/Src/usbd_ctlreq.c.obj
 .comment       0x00000043       0x44 cmake/stm32cubemx/CMakeFiles/USB_Device_Library.dir/__/__/Middlewares/ST/STM32_USB_Device_Library/Core/Src/usbd_ioreq.c.obj
 .comment       0x00000043       0x44 cmake/stm32cubemx/CMakeFiles/USB_Device_Library.dir/__/__/Middlewares/ST/STM32_USB_Device_Library/Class/CDC/Src/usbd_cdc.c.obj
 .comment       0x00000043       0x44 CMakeFiles/template_STM32F103C8T6.dir/USB_DEVICE/Target/usbd_conf.c.obj
 .comment       0x00000043       0x44 CMakeFiles/template_STM32F103C8T6.dir/USB_DEVICE/App/usb_device.c.obj
 .comment       0x00000043       0x44 CMakeFiles/template_STM32F103C8T6.dir/USB_DEVICE/App/usbd_desc.c.obj
 .comment       0x00000043       0x44 CMakeFiles/template_STM32F103C8T6.dir/USB_DEVICE/App/usbd_cdc_if.c.obj
 .comment       0x00000043       0x44 CMakeFiles/template_STM32F103C8T6.dir/Core/Src/main.c.obj
 .comment       0x00000043       0x44 CMakeFiles/template_STM32F103C8T6.dir/Core/Src/gpio.c.obj
 .comment       0x00000043       0x44 CMakeFiles/template_STM32F103C8T6.dir/Core/Src/stm32f1xx_it.c.obj
 .comment       0x00000043       0x44 CMakeFiles/template_STM32F103C8T6.dir/Core/Src/stm32f1xx_hal_msp.c.obj
 .comment       0x00000043       0x44 C:/ST/STM32CubeCLT_1.18.0/GNU-tools-for-STM32/bin/../lib/gcc/arm-none-eabi/13.3.1/../../../../arm-none-eabi/lib/thumb/v7-m/nofp\libg_nano.a(libc_a-memcpy-stub.o)

.debug_frame    0x00000000     0x26c8
 .debug_frame   0x00000000       0x20 C:/ST/STM32CubeCLT_1.18.0/GNU-tools-for-STM32/bin/../lib/gcc/arm-none-eabi/13.3.1/../../../../arm-none-eabi/lib/thumb/v7-m/nofp\libc_nano.a(libc_a-memset.o)
 .debug_frame   0x00000020       0x2c C:/ST/STM32CubeCLT_1.18.0/GNU-tools-for-STM32/bin/../lib/gcc/arm-none-eabi/13.3.1/../../../../arm-none-eabi/lib/thumb/v7-m/nofp\libc_nano.a(libc_a-init.o)
 .debug_frame   0x0000004c       0x58 cmake/stm32cubemx/CMakeFiles/STM32_Drivers.dir/__/__/Core/Src/system_stm32f1xx.c.obj
 .debug_frame   0x000000a4      0x594 cmake/stm32cubemx/CMakeFiles/STM32_Drivers.dir/__/__/Drivers/STM32F1xx_HAL_Driver/Src/stm32f1xx_hal_pcd.c.obj
 .debug_frame   0x00000638       0xb0 cmake/stm32cubemx/CMakeFiles/STM32_Drivers.dir/__/__/Drivers/STM32F1xx_HAL_Driver/Src/stm32f1xx_hal_pcd_ex.c.obj
 .debug_frame   0x000006e8      0x470 cmake/stm32cubemx/CMakeFiles/STM32_Drivers.dir/__/__/Drivers/STM32F1xx_HAL_Driver/Src/stm32f1xx_ll_usb.c.obj
 .debug_frame   0x00000b58      0x334 cmake/stm32cubemx/CMakeFiles/STM32_Drivers.dir/__/__/Drivers/STM32F1xx_HAL_Driver/Src/stm32f1xx_hal.c.obj
 .debug_frame   0x00000e8c      0x218 cmake/stm32cubemx/CMakeFiles/STM32_Drivers.dir/__/__/Drivers/STM32F1xx_HAL_Driver/Src/stm32f1xx_hal_rcc.c.obj
 .debug_frame   0x000010a4       0x80 cmake/stm32cubemx/CMakeFiles/STM32_Drivers.dir/__/__/Drivers/STM32F1xx_HAL_Driver/Src/stm32f1xx_hal_rcc_ex.c.obj
 .debug_frame   0x00001124      0x428 cmake/stm32cubemx/CMakeFiles/STM32_Drivers.dir/__/__/Drivers/STM32F1xx_HAL_Driver/Src/stm32f1xx_hal_cortex.c.obj
 .debug_frame   0x0000154c      0x300 cmake/stm32cubemx/CMakeFiles/USB_Device_Library.dir/__/__/Middlewares/ST/STM32_USB_Device_Library/Core/Src/usbd_core.c.obj
 .debug_frame   0x0000184c      0x218 cmake/stm32cubemx/CMakeFiles/USB_Device_Library.dir/__/__/Middlewares/ST/STM32_USB_Device_Library/Core/Src/usbd_ctlreq.c.obj
 .debug_frame   0x00001a64      0x10c cmake/stm32cubemx/CMakeFiles/USB_Device_Library.dir/__/__/Middlewares/ST/STM32_USB_Device_Library/Core/Src/usbd_ioreq.c.obj
 .debug_frame   0x00001b70      0x248 cmake/stm32cubemx/CMakeFiles/USB_Device_Library.dir/__/__/Middlewares/ST/STM32_USB_Device_Library/Class/CDC/Src/usbd_cdc.c.obj
 .debug_frame   0x00001db8      0x4a4 CMakeFiles/template_STM32F103C8T6.dir/USB_DEVICE/Target/usbd_conf.c.obj
 .debug_frame   0x0000225c       0x2c CMakeFiles/template_STM32F103C8T6.dir/USB_DEVICE/App/usb_device.c.obj
 .debug_frame   0x00002288      0x160 CMakeFiles/template_STM32F103C8T6.dir/USB_DEVICE/App/usbd_desc.c.obj
 .debug_frame   0x000023e8       0xbc CMakeFiles/template_STM32F103C8T6.dir/USB_DEVICE/App/usbd_cdc_if.c.obj
 .debug_frame   0x000024a4       0x6c CMakeFiles/template_STM32F103C8T6.dir/Core/Src/main.c.obj
 .debug_frame   0x00002510       0x38 CMakeFiles/template_STM32F103C8T6.dir/Core/Src/gpio.c.obj
 .debug_frame   0x00002548      0x120 CMakeFiles/template_STM32F103C8T6.dir/Core/Src/stm32f1xx_it.c.obj
 .debug_frame   0x00002668       0x38 CMakeFiles/template_STM32F103C8T6.dir/Core/Src/stm32f1xx_hal_msp.c.obj
 .debug_frame   0x000026a0       0x28 C:/ST/STM32CubeCLT_1.18.0/GNU-tools-for-STM32/bin/../lib/gcc/arm-none-eabi/13.3.1/../../../../arm-none-eabi/lib/thumb/v7-m/nofp\libg_nano.a(libc_a-memcpy-stub.o)

.debug_info     0x00000000     0xb8d8
 .debug_info    0x00000000      0x222 cmake/stm32cubemx/CMakeFiles/STM32_Drivers.dir/__/__/Core/Src/system_stm32f1xx.c.obj
 .debug_info    0x00000222     0x16dc cmake/stm32cubemx/CMakeFiles/STM32_Drivers.dir/__/__/Drivers/STM32F1xx_HAL_Driver/Src/stm32f1xx_hal_pcd.c.obj
 .debug_info    0x000018fe      0x6c3 cmake/stm32cubemx/CMakeFiles/STM32_Drivers.dir/__/__/Drivers/STM32F1xx_HAL_Driver/Src/stm32f1xx_hal_pcd_ex.c.obj
 .debug_info    0x00001fc1     0x17ae cmake/stm32cubemx/CMakeFiles/STM32_Drivers.dir/__/__/Drivers/STM32F1xx_HAL_Driver/Src/stm32f1xx_ll_usb.c.obj
 .debug_info    0x0000376f      0x704 cmake/stm32cubemx/CMakeFiles/STM32_Drivers.dir/__/__/Drivers/STM32F1xx_HAL_Driver/Src/stm32f1xx_hal.c.obj
 .debug_info    0x00003e73      0x7d5 cmake/stm32cubemx/CMakeFiles/STM32_Drivers.dir/__/__/Drivers/STM32F1xx_HAL_Driver/Src/stm32f1xx_hal_rcc.c.obj
 .debug_info    0x00004648      0x3c0 cmake/stm32cubemx/CMakeFiles/STM32_Drivers.dir/__/__/Drivers/STM32F1xx_HAL_Driver/Src/stm32f1xx_hal_rcc_ex.c.obj
 .debug_info    0x00004a08      0xa87 cmake/stm32cubemx/CMakeFiles/STM32_Drivers.dir/__/__/Drivers/STM32F1xx_HAL_Driver/Src/stm32f1xx_hal_cortex.c.obj
 .debug_info    0x0000548f      0xa52 cmake/stm32cubemx/CMakeFiles/USB_Device_Library.dir/__/__/Middlewares/ST/STM32_USB_Device_Library/Core/Src/usbd_core.c.obj
 .debug_info    0x00005ee1      0x91c cmake/stm32cubemx/CMakeFiles/USB_Device_Library.dir/__/__/Middlewares/ST/STM32_USB_Device_Library/Core/Src/usbd_ctlreq.c.obj
 .debug_info    0x000067fd      0x6a0 cmake/stm32cubemx/CMakeFiles/USB_Device_Library.dir/__/__/Middlewares/ST/STM32_USB_Device_Library/Core/Src/usbd_ioreq.c.obj
 .debug_info    0x00006e9d     0x1043 cmake/stm32cubemx/CMakeFiles/USB_Device_Library.dir/__/__/Middlewares/ST/STM32_USB_Device_Library/Class/CDC/Src/usbd_cdc.c.obj
 .debug_info    0x00007ee0     0x1864 CMakeFiles/template_STM32F103C8T6.dir/USB_DEVICE/Target/usbd_conf.c.obj
 .debug_info    0x00009744      0x63d CMakeFiles/template_STM32F103C8T6.dir/USB_DEVICE/App/usb_device.c.obj
 .debug_info    0x00009d81      0x44a CMakeFiles/template_STM32F103C8T6.dir/USB_DEVICE/App/usbd_desc.c.obj
 .debug_info    0x0000a1cb      0x862 CMakeFiles/template_STM32F103C8T6.dir/USB_DEVICE/App/usbd_cdc_if.c.obj
 .debug_info    0x0000aa2d      0x3cd CMakeFiles/template_STM32F103C8T6.dir/Core/Src/main.c.obj
 .debug_info    0x0000adfa      0x169 CMakeFiles/template_STM32F103C8T6.dir/Core/Src/gpio.c.obj
 .debug_info    0x0000af63      0x602 CMakeFiles/template_STM32F103C8T6.dir/Core/Src/stm32f1xx_it.c.obj
 .debug_info    0x0000b565      0x1f1 CMakeFiles/template_STM32F103C8T6.dir/Core/Src/stm32f1xx_hal_msp.c.obj
 .debug_info    0x0000b756       0x30 CMakeFiles/template_STM32F103C8T6.dir/startup_stm32f103xb.s.obj
 .debug_info    0x0000b786      0x121 C:/ST/STM32CubeCLT_1.18.0/GNU-tools-for-STM32/bin/../lib/gcc/arm-none-eabi/13.3.1/../../../../arm-none-eabi/lib/thumb/v7-m/nofp\libg_nano.a(libc_a-memcpy-stub.o)
 .debug_info    0x0000b8a7       0x31 C:/ST/STM32CubeCLT_1.18.0/GNU-tools-for-STM32/bin/../lib/gcc/arm-none-eabi/13.3.1/../../../../arm-none-eabi/lib/thumb/v7-m/nofp\libg_nano.a(libc_a-strlen.o)

.debug_abbrev   0x00000000     0x28fa
 .debug_abbrev  0x00000000      0x13f cmake/stm32cubemx/CMakeFiles/STM32_Drivers.dir/__/__/Core/Src/system_stm32f1xx.c.obj
 .debug_abbrev  0x0000013f      0x2d6 cmake/stm32cubemx/CMakeFiles/STM32_Drivers.dir/__/__/Drivers/STM32F1xx_HAL_Driver/Src/stm32f1xx_hal_pcd.c.obj
 .debug_abbrev  0x00000415      0x189 cmake/stm32cubemx/CMakeFiles/STM32_Drivers.dir/__/__/Drivers/STM32F1xx_HAL_Driver/Src/stm32f1xx_hal_pcd_ex.c.obj
 .debug_abbrev  0x0000059e      0x1de cmake/stm32cubemx/CMakeFiles/STM32_Drivers.dir/__/__/Drivers/STM32F1xx_HAL_Driver/Src/stm32f1xx_ll_usb.c.obj
 .debug_abbrev  0x0000077c      0x201 cmake/stm32cubemx/CMakeFiles/STM32_Drivers.dir/__/__/Drivers/STM32F1xx_HAL_Driver/Src/stm32f1xx_hal.c.obj
 .debug_abbrev  0x0000097d      0x2b3 cmake/stm32cubemx/CMakeFiles/STM32_Drivers.dir/__/__/Drivers/STM32F1xx_HAL_Driver/Src/stm32f1xx_hal_rcc.c.obj
 .debug_abbrev  0x00000c30      0x188 cmake/stm32cubemx/CMakeFiles/STM32_Drivers.dir/__/__/Drivers/STM32F1xx_HAL_Driver/Src/stm32f1xx_hal_rcc_ex.c.obj
 .debug_abbrev  0x00000db8      0x2f8 cmake/stm32cubemx/CMakeFiles/STM32_Drivers.dir/__/__/Drivers/STM32F1xx_HAL_Driver/Src/stm32f1xx_hal_cortex.c.obj
 .debug_abbrev  0x000010b0      0x24a cmake/stm32cubemx/CMakeFiles/USB_Device_Library.dir/__/__/Middlewares/ST/STM32_USB_Device_Library/Core/Src/usbd_core.c.obj
 .debug_abbrev  0x000012fa      0x26b cmake/stm32cubemx/CMakeFiles/USB_Device_Library.dir/__/__/Middlewares/ST/STM32_USB_Device_Library/Core/Src/usbd_ctlreq.c.obj
 .debug_abbrev  0x00001565      0x192 cmake/stm32cubemx/CMakeFiles/USB_Device_Library.dir/__/__/Middlewares/ST/STM32_USB_Device_Library/Core/Src/usbd_ioreq.c.obj
 .debug_abbrev  0x000016f7      0x2d3 cmake/stm32cubemx/CMakeFiles/USB_Device_Library.dir/__/__/Middlewares/ST/STM32_USB_Device_Library/Class/CDC/Src/usbd_cdc.c.obj
 .debug_abbrev  0x000019ca      0x316 CMakeFiles/template_STM32F103C8T6.dir/USB_DEVICE/Target/usbd_conf.c.obj
 .debug_abbrev  0x00001ce0      0x18d CMakeFiles/template_STM32F103C8T6.dir/USB_DEVICE/App/usb_device.c.obj
 .debug_abbrev  0x00001e6d      0x1ff CMakeFiles/template_STM32F103C8T6.dir/USB_DEVICE/App/usbd_desc.c.obj
 .debug_abbrev  0x0000206c      0x260 CMakeFiles/template_STM32F103C8T6.dir/USB_DEVICE/App/usbd_cdc_if.c.obj
 .debug_abbrev  0x000022cc      0x1ee CMakeFiles/template_STM32F103C8T6.dir/Core/Src/main.c.obj
 .debug_abbrev  0x000024ba       0xc6 CMakeFiles/template_STM32F103C8T6.dir/Core/Src/gpio.c.obj
 .debug_abbrev  0x00002580      0x192 CMakeFiles/template_STM32F103C8T6.dir/Core/Src/stm32f1xx_it.c.obj
 .debug_abbrev  0x00002712       0xdb CMakeFiles/template_STM32F103C8T6.dir/Core/Src/stm32f1xx_hal_msp.c.obj
 .debug_abbrev  0x000027ed       0x24 CMakeFiles/template_STM32F103C8T6.dir/startup_stm32f103xb.s.obj
 .debug_abbrev  0x00002811       0xc1 C:/ST/STM32CubeCLT_1.18.0/GNU-tools-for-STM32/bin/../lib/gcc/arm-none-eabi/13.3.1/../../../../arm-none-eabi/lib/thumb/v7-m/nofp\libg_nano.a(libc_a-memcpy-stub.o)
 .debug_abbrev  0x000028d2       0x28 C:/ST/STM32CubeCLT_1.18.0/GNU-tools-for-STM32/bin/../lib/gcc/arm-none-eabi/13.3.1/../../../../arm-none-eabi/lib/thumb/v7-m/nofp\libg_nano.a(libc_a-strlen.o)

.debug_aranges  0x00000000      0xa70
 .debug_aranges
                0x00000000       0x28 cmake/stm32cubemx/CMakeFiles/STM32_Drivers.dir/__/__/Core/Src/system_stm32f1xx.c.obj
 .debug_aranges
                0x00000028      0x140 cmake/stm32cubemx/CMakeFiles/STM32_Drivers.dir/__/__/Drivers/STM32F1xx_HAL_Driver/Src/stm32f1xx_hal_pcd.c.obj
 .debug_aranges
                0x00000168       0x38 cmake/stm32cubemx/CMakeFiles/STM32_Drivers.dir/__/__/Drivers/STM32F1xx_HAL_Driver/Src/stm32f1xx_hal_pcd_ex.c.obj
 .debug_aranges
                0x000001a0       0xf8 cmake/stm32cubemx/CMakeFiles/STM32_Drivers.dir/__/__/Drivers/STM32F1xx_HAL_Driver/Src/stm32f1xx_ll_usb.c.obj
 .debug_aranges
                0x00000298       0xe0 cmake/stm32cubemx/CMakeFiles/STM32_Drivers.dir/__/__/Drivers/STM32F1xx_HAL_Driver/Src/stm32f1xx_hal.c.obj
 .debug_aranges
                0x00000378       0x90 cmake/stm32cubemx/CMakeFiles/STM32_Drivers.dir/__/__/Drivers/STM32F1xx_HAL_Driver/Src/stm32f1xx_hal_rcc.c.obj
 .debug_aranges
                0x00000408       0x30 cmake/stm32cubemx/CMakeFiles/STM32_Drivers.dir/__/__/Drivers/STM32F1xx_HAL_Driver/Src/stm32f1xx_hal_rcc_ex.c.obj
 .debug_aranges
                0x00000438      0x100 cmake/stm32cubemx/CMakeFiles/STM32_Drivers.dir/__/__/Drivers/STM32F1xx_HAL_Driver/Src/stm32f1xx_hal_cortex.c.obj
 .debug_aranges
                0x00000538       0xb8 cmake/stm32cubemx/CMakeFiles/USB_Device_Library.dir/__/__/Middlewares/ST/STM32_USB_Device_Library/Core/Src/usbd_core.c.obj
 .debug_aranges
                0x000005f0       0x88 cmake/stm32cubemx/CMakeFiles/USB_Device_Library.dir/__/__/Middlewares/ST/STM32_USB_Device_Library/Core/Src/usbd_ctlreq.c.obj
 .debug_aranges
                0x00000678       0x50 cmake/stm32cubemx/CMakeFiles/USB_Device_Library.dir/__/__/Middlewares/ST/STM32_USB_Device_Library/Core/Src/usbd_ioreq.c.obj
 .debug_aranges
                0x000006c8       0x90 cmake/stm32cubemx/CMakeFiles/USB_Device_Library.dir/__/__/Middlewares/ST/STM32_USB_Device_Library/Class/CDC/Src/usbd_cdc.c.obj
 .debug_aranges
                0x00000758      0x118 CMakeFiles/template_STM32F103C8T6.dir/USB_DEVICE/Target/usbd_conf.c.obj
 .debug_aranges
                0x00000870       0x20 CMakeFiles/template_STM32F103C8T6.dir/USB_DEVICE/App/usb_device.c.obj
 .debug_aranges
                0x00000890       0x60 CMakeFiles/template_STM32F103C8T6.dir/USB_DEVICE/App/usbd_desc.c.obj
 .debug_aranges
                0x000008f0       0x40 CMakeFiles/template_STM32F103C8T6.dir/USB_DEVICE/App/usbd_cdc_if.c.obj
 .debug_aranges
                0x00000930       0x30 CMakeFiles/template_STM32F103C8T6.dir/Core/Src/main.c.obj
 .debug_aranges
                0x00000960       0x20 CMakeFiles/template_STM32F103C8T6.dir/Core/Src/gpio.c.obj
 .debug_aranges
                0x00000980       0x68 CMakeFiles/template_STM32F103C8T6.dir/Core/Src/stm32f1xx_it.c.obj
 .debug_aranges
                0x000009e8       0x20 CMakeFiles/template_STM32F103C8T6.dir/Core/Src/stm32f1xx_hal_msp.c.obj
 .debug_aranges
                0x00000a08       0x28 CMakeFiles/template_STM32F103C8T6.dir/startup_stm32f103xb.s.obj
 .debug_aranges
                0x00000a30       0x20 C:/ST/STM32CubeCLT_1.18.0/GNU-tools-for-STM32/bin/../lib/gcc/arm-none-eabi/13.3.1/../../../../arm-none-eabi/lib/thumb/v7-m/nofp\libg_nano.a(libc_a-memcpy-stub.o)
 .debug_aranges
                0x00000a50       0x20 C:/ST/STM32CubeCLT_1.18.0/GNU-tools-for-STM32/bin/../lib/gcc/arm-none-eabi/13.3.1/../../../../arm-none-eabi/lib/thumb/v7-m/nofp\libg_nano.a(libc_a-strlen.o)

.debug_rnglists
                0x00000000      0x779
 .debug_rnglists
                0x00000000       0x1a cmake/stm32cubemx/CMakeFiles/STM32_Drivers.dir/__/__/Core/Src/system_stm32f1xx.c.obj
 .debug_rnglists
                0x0000001a       0xf4 cmake/stm32cubemx/CMakeFiles/STM32_Drivers.dir/__/__/Drivers/STM32F1xx_HAL_Driver/Src/stm32f1xx_hal_pcd.c.obj
 .debug_rnglists
                0x0000010e       0x26 cmake/stm32cubemx/CMakeFiles/STM32_Drivers.dir/__/__/Drivers/STM32F1xx_HAL_Driver/Src/stm32f1xx_hal_pcd_ex.c.obj
 .debug_rnglists
                0x00000134       0xbd cmake/stm32cubemx/CMakeFiles/STM32_Drivers.dir/__/__/Drivers/STM32F1xx_HAL_Driver/Src/stm32f1xx_ll_usb.c.obj
 .debug_rnglists
                0x000001f1       0xa3 cmake/stm32cubemx/CMakeFiles/STM32_Drivers.dir/__/__/Drivers/STM32F1xx_HAL_Driver/Src/stm32f1xx_hal.c.obj
 .debug_rnglists
                0x00000294       0x6c cmake/stm32cubemx/CMakeFiles/STM32_Drivers.dir/__/__/Drivers/STM32F1xx_HAL_Driver/Src/stm32f1xx_hal_rcc.c.obj
 .debug_rnglists
                0x00000300       0x21 cmake/stm32cubemx/CMakeFiles/STM32_Drivers.dir/__/__/Drivers/STM32F1xx_HAL_Driver/Src/stm32f1xx_hal_rcc_ex.c.obj
 .debug_rnglists
                0x00000321       0xbb cmake/stm32cubemx/CMakeFiles/STM32_Drivers.dir/__/__/Drivers/STM32F1xx_HAL_Driver/Src/stm32f1xx_hal_cortex.c.obj
 .debug_rnglists
                0x000003dc       0x89 cmake/stm32cubemx/CMakeFiles/USB_Device_Library.dir/__/__/Middlewares/ST/STM32_USB_Device_Library/Core/Src/usbd_core.c.obj
 .debug_rnglists
                0x00000465       0x68 cmake/stm32cubemx/CMakeFiles/USB_Device_Library.dir/__/__/Middlewares/ST/STM32_USB_Device_Library/Core/Src/usbd_ctlreq.c.obj
 .debug_rnglists
                0x000004cd       0x37 cmake/stm32cubemx/CMakeFiles/USB_Device_Library.dir/__/__/Middlewares/ST/STM32_USB_Device_Library/Core/Src/usbd_ioreq.c.obj
 .debug_rnglists
                0x00000504       0x6a cmake/stm32cubemx/CMakeFiles/USB_Device_Library.dir/__/__/Middlewares/ST/STM32_USB_Device_Library/Class/CDC/Src/usbd_cdc.c.obj
 .debug_rnglists
                0x0000056e       0xce CMakeFiles/template_STM32F103C8T6.dir/USB_DEVICE/Target/usbd_conf.c.obj
 .debug_rnglists
                0x0000063c       0x13 CMakeFiles/template_STM32F103C8T6.dir/USB_DEVICE/App/usb_device.c.obj
 .debug_rnglists
                0x0000064f       0x43 CMakeFiles/template_STM32F103C8T6.dir/USB_DEVICE/App/usbd_desc.c.obj
 .debug_rnglists
                0x00000692       0x2c CMakeFiles/template_STM32F103C8T6.dir/USB_DEVICE/App/usbd_cdc_if.c.obj
 .debug_rnglists
                0x000006be       0x20 CMakeFiles/template_STM32F103C8T6.dir/Core/Src/main.c.obj
 .debug_rnglists
                0x000006de       0x13 CMakeFiles/template_STM32F103C8T6.dir/Core/Src/gpio.c.obj
 .debug_rnglists
                0x000006f1       0x49 CMakeFiles/template_STM32F103C8T6.dir/Core/Src/stm32f1xx_it.c.obj
 .debug_rnglists
                0x0000073a       0x13 CMakeFiles/template_STM32F103C8T6.dir/Core/Src/stm32f1xx_hal_msp.c.obj
 .debug_rnglists
                0x0000074d       0x19 CMakeFiles/template_STM32F103C8T6.dir/startup_stm32f103xb.s.obj
 .debug_rnglists
                0x00000766       0x13 C:/ST/STM32CubeCLT_1.18.0/GNU-tools-for-STM32/bin/../lib/gcc/arm-none-eabi/13.3.1/../../../../arm-none-eabi/lib/thumb/v7-m/nofp\libg_nano.a(libc_a-memcpy-stub.o)

.debug_macro    0x00000000    0x19156
 .debug_macro   0x00000000      0x1a8 cmake/stm32cubemx/CMakeFiles/STM32_Drivers.dir/__/__/Core/Src/system_stm32f1xx.c.obj
 .debug_macro   0x000001a8      0xacc cmake/stm32cubemx/CMakeFiles/STM32_Drivers.dir/__/__/Core/Src/system_stm32f1xx.c.obj
 .debug_macro   0x00000c74       0x2e cmake/stm32cubemx/CMakeFiles/STM32_Drivers.dir/__/__/Core/Src/system_stm32f1xx.c.obj
 .debug_macro   0x00000ca2       0x22 cmake/stm32cubemx/CMakeFiles/STM32_Drivers.dir/__/__/Core/Src/system_stm32f1xx.c.obj
 .debug_macro   0x00000cc4       0x22 cmake/stm32cubemx/CMakeFiles/STM32_Drivers.dir/__/__/Core/Src/system_stm32f1xx.c.obj
 .debug_macro   0x00000ce6       0x8e cmake/stm32cubemx/CMakeFiles/STM32_Drivers.dir/__/__/Core/Src/system_stm32f1xx.c.obj
 .debug_macro   0x00000d74       0x51 cmake/stm32cubemx/CMakeFiles/STM32_Drivers.dir/__/__/Core/Src/system_stm32f1xx.c.obj
 .debug_macro   0x00000dc5      0x103 cmake/stm32cubemx/CMakeFiles/STM32_Drivers.dir/__/__/Core/Src/system_stm32f1xx.c.obj
 .debug_macro   0x00000ec8       0x6a cmake/stm32cubemx/CMakeFiles/STM32_Drivers.dir/__/__/Core/Src/system_stm32f1xx.c.obj
 .debug_macro   0x00000f32      0x1df cmake/stm32cubemx/CMakeFiles/STM32_Drivers.dir/__/__/Core/Src/system_stm32f1xx.c.obj
 .debug_macro   0x00001111       0x1c cmake/stm32cubemx/CMakeFiles/STM32_Drivers.dir/__/__/Core/Src/system_stm32f1xx.c.obj
 .debug_macro   0x0000112d       0x22 cmake/stm32cubemx/CMakeFiles/STM32_Drivers.dir/__/__/Core/Src/system_stm32f1xx.c.obj
 .debug_macro   0x0000114f       0xbd cmake/stm32cubemx/CMakeFiles/STM32_Drivers.dir/__/__/Core/Src/system_stm32f1xx.c.obj
 .debug_macro   0x0000120c      0xd23 cmake/stm32cubemx/CMakeFiles/STM32_Drivers.dir/__/__/Core/Src/system_stm32f1xx.c.obj
 .debug_macro   0x00001f2f     0xe09e cmake/stm32cubemx/CMakeFiles/STM32_Drivers.dir/__/__/Core/Src/system_stm32f1xx.c.obj
 .debug_macro   0x0000ffcd       0x6d cmake/stm32cubemx/CMakeFiles/STM32_Drivers.dir/__/__/Core/Src/system_stm32f1xx.c.obj
 .debug_macro   0x0001003a      0x215 cmake/stm32cubemx/CMakeFiles/STM32_Drivers.dir/__/__/Core/Src/system_stm32f1xx.c.obj
 .debug_macro   0x0001024f     0x34a2 cmake/stm32cubemx/CMakeFiles/STM32_Drivers.dir/__/__/Core/Src/system_stm32f1xx.c.obj
 .debug_macro   0x000136f1      0x190 cmake/stm32cubemx/CMakeFiles/STM32_Drivers.dir/__/__/Core/Src/system_stm32f1xx.c.obj
 .debug_macro   0x00013881       0x5c cmake/stm32cubemx/CMakeFiles/STM32_Drivers.dir/__/__/Core/Src/system_stm32f1xx.c.obj
 .debug_macro   0x000138dd      0x5bc cmake/stm32cubemx/CMakeFiles/STM32_Drivers.dir/__/__/Core/Src/system_stm32f1xx.c.obj
 .debug_macro   0x00013e99      0x289 cmake/stm32cubemx/CMakeFiles/STM32_Drivers.dir/__/__/Core/Src/system_stm32f1xx.c.obj
 .debug_macro   0x00014122      0x1cb cmake/stm32cubemx/CMakeFiles/STM32_Drivers.dir/__/__/Core/Src/system_stm32f1xx.c.obj
 .debug_macro   0x000142ed      0x114 cmake/stm32cubemx/CMakeFiles/STM32_Drivers.dir/__/__/Core/Src/system_stm32f1xx.c.obj
 .debug_macro   0x00014401      0x1b2 cmake/stm32cubemx/CMakeFiles/STM32_Drivers.dir/__/__/Core/Src/system_stm32f1xx.c.obj
 .debug_macro   0x000145b3       0x27 cmake/stm32cubemx/CMakeFiles/STM32_Drivers.dir/__/__/Core/Src/system_stm32f1xx.c.obj
 .debug_macro   0x000145da      0x136 cmake/stm32cubemx/CMakeFiles/STM32_Drivers.dir/__/__/Core/Src/system_stm32f1xx.c.obj
 .debug_macro   0x00014710      0x1bc cmake/stm32cubemx/CMakeFiles/STM32_Drivers.dir/__/__/Core/Src/system_stm32f1xx.c.obj
 .debug_macro   0x000148cc       0x34 cmake/stm32cubemx/CMakeFiles/STM32_Drivers.dir/__/__/Core/Src/system_stm32f1xx.c.obj
 .debug_macro   0x00014900       0x3c cmake/stm32cubemx/CMakeFiles/STM32_Drivers.dir/__/__/Core/Src/system_stm32f1xx.c.obj
 .debug_macro   0x0001493c       0x57 cmake/stm32cubemx/CMakeFiles/STM32_Drivers.dir/__/__/Core/Src/system_stm32f1xx.c.obj
 .debug_macro   0x00014993       0x87 cmake/stm32cubemx/CMakeFiles/STM32_Drivers.dir/__/__/Core/Src/system_stm32f1xx.c.obj
 .debug_macro   0x00014a1a      0x240 cmake/stm32cubemx/CMakeFiles/STM32_Drivers.dir/__/__/Core/Src/system_stm32f1xx.c.obj
 .debug_macro   0x00014c5a      0x140 cmake/stm32cubemx/CMakeFiles/STM32_Drivers.dir/__/__/Core/Src/system_stm32f1xx.c.obj
 .debug_macro   0x00014d9a       0xb7 cmake/stm32cubemx/CMakeFiles/STM32_Drivers.dir/__/__/Core/Src/system_stm32f1xx.c.obj
 .debug_macro   0x00014e51      0x242 cmake/stm32cubemx/CMakeFiles/STM32_Drivers.dir/__/__/Core/Src/system_stm32f1xx.c.obj
 .debug_macro   0x00015093       0x83 cmake/stm32cubemx/CMakeFiles/STM32_Drivers.dir/__/__/Core/Src/system_stm32f1xx.c.obj
 .debug_macro   0x00015116      0x1b4 cmake/stm32cubemx/CMakeFiles/STM32_Drivers.dir/__/__/Drivers/STM32F1xx_HAL_Driver/Src/stm32f1xx_hal_pcd.c.obj
 .debug_macro   0x000152ca      0x1a8 cmake/stm32cubemx/CMakeFiles/STM32_Drivers.dir/__/__/Drivers/STM32F1xx_HAL_Driver/Src/stm32f1xx_hal_pcd_ex.c.obj
 .debug_macro   0x00015472      0x1a8 cmake/stm32cubemx/CMakeFiles/STM32_Drivers.dir/__/__/Drivers/STM32F1xx_HAL_Driver/Src/stm32f1xx_ll_usb.c.obj
 .debug_macro   0x0001561a      0x1cc cmake/stm32cubemx/CMakeFiles/STM32_Drivers.dir/__/__/Drivers/STM32F1xx_HAL_Driver/Src/stm32f1xx_hal.c.obj
 .debug_macro   0x000157e6      0x1ba cmake/stm32cubemx/CMakeFiles/STM32_Drivers.dir/__/__/Drivers/STM32F1xx_HAL_Driver/Src/stm32f1xx_hal_rcc.c.obj
 .debug_macro   0x000159a0      0x1a8 cmake/stm32cubemx/CMakeFiles/STM32_Drivers.dir/__/__/Drivers/STM32F1xx_HAL_Driver/Src/stm32f1xx_hal_rcc_ex.c.obj
 .debug_macro   0x00015b48      0x1a8 cmake/stm32cubemx/CMakeFiles/STM32_Drivers.dir/__/__/Drivers/STM32F1xx_HAL_Driver/Src/stm32f1xx_hal_cortex.c.obj
 .debug_macro   0x00015cf0      0x319 cmake/stm32cubemx/CMakeFiles/USB_Device_Library.dir/__/__/Middlewares/ST/STM32_USB_Device_Library/Core/Src/usbd_core.c.obj
 .debug_macro   0x00016009       0x6e cmake/stm32cubemx/CMakeFiles/USB_Device_Library.dir/__/__/Middlewares/ST/STM32_USB_Device_Library/Core/Src/usbd_core.c.obj
 .debug_macro   0x00016077       0x24 cmake/stm32cubemx/CMakeFiles/USB_Device_Library.dir/__/__/Middlewares/ST/STM32_USB_Device_Library/Core/Src/usbd_core.c.obj
 .debug_macro   0x0001609b       0x94 cmake/stm32cubemx/CMakeFiles/USB_Device_Library.dir/__/__/Middlewares/ST/STM32_USB_Device_Library/Core/Src/usbd_core.c.obj
 .debug_macro   0x0001612f       0x3c cmake/stm32cubemx/CMakeFiles/USB_Device_Library.dir/__/__/Middlewares/ST/STM32_USB_Device_Library/Core/Src/usbd_core.c.obj
 .debug_macro   0x0001616b       0x34 cmake/stm32cubemx/CMakeFiles/USB_Device_Library.dir/__/__/Middlewares/ST/STM32_USB_Device_Library/Core/Src/usbd_core.c.obj
 .debug_macro   0x0001619f       0x16 cmake/stm32cubemx/CMakeFiles/USB_Device_Library.dir/__/__/Middlewares/ST/STM32_USB_Device_Library/Core/Src/usbd_core.c.obj
 .debug_macro   0x000161b5       0x57 cmake/stm32cubemx/CMakeFiles/USB_Device_Library.dir/__/__/Middlewares/ST/STM32_USB_Device_Library/Core/Src/usbd_core.c.obj
 .debug_macro   0x0001620c       0x9e cmake/stm32cubemx/CMakeFiles/USB_Device_Library.dir/__/__/Middlewares/ST/STM32_USB_Device_Library/Core/Src/usbd_core.c.obj
 .debug_macro   0x000162aa      0x370 cmake/stm32cubemx/CMakeFiles/USB_Device_Library.dir/__/__/Middlewares/ST/STM32_USB_Device_Library/Core/Src/usbd_core.c.obj
 .debug_macro   0x0001661a      0x112 cmake/stm32cubemx/CMakeFiles/USB_Device_Library.dir/__/__/Middlewares/ST/STM32_USB_Device_Library/Core/Src/usbd_core.c.obj
 .debug_macro   0x0001672c       0x10 cmake/stm32cubemx/CMakeFiles/USB_Device_Library.dir/__/__/Middlewares/ST/STM32_USB_Device_Library/Core/Src/usbd_core.c.obj
 .debug_macro   0x0001673c       0x16 cmake/stm32cubemx/CMakeFiles/USB_Device_Library.dir/__/__/Middlewares/ST/STM32_USB_Device_Library/Core/Src/usbd_core.c.obj
 .debug_macro   0x00016752       0x4a cmake/stm32cubemx/CMakeFiles/USB_Device_Library.dir/__/__/Middlewares/ST/STM32_USB_Device_Library/Core/Src/usbd_core.c.obj
 .debug_macro   0x0001679c       0x34 cmake/stm32cubemx/CMakeFiles/USB_Device_Library.dir/__/__/Middlewares/ST/STM32_USB_Device_Library/Core/Src/usbd_core.c.obj
 .debug_macro   0x000167d0       0x10 cmake/stm32cubemx/CMakeFiles/USB_Device_Library.dir/__/__/Middlewares/ST/STM32_USB_Device_Library/Core/Src/usbd_core.c.obj
 .debug_macro   0x000167e0       0x58 cmake/stm32cubemx/CMakeFiles/USB_Device_Library.dir/__/__/Middlewares/ST/STM32_USB_Device_Library/Core/Src/usbd_core.c.obj
 .debug_macro   0x00016838      0x1e5 cmake/stm32cubemx/CMakeFiles/USB_Device_Library.dir/__/__/Middlewares/ST/STM32_USB_Device_Library/Core/Src/usbd_core.c.obj
 .debug_macro   0x00016a1d       0x16 cmake/stm32cubemx/CMakeFiles/USB_Device_Library.dir/__/__/Middlewares/ST/STM32_USB_Device_Library/Core/Src/usbd_core.c.obj
 .debug_macro   0x00016a33       0x16 cmake/stm32cubemx/CMakeFiles/USB_Device_Library.dir/__/__/Middlewares/ST/STM32_USB_Device_Library/Core/Src/usbd_core.c.obj
 .debug_macro   0x00016a49      0x170 cmake/stm32cubemx/CMakeFiles/USB_Device_Library.dir/__/__/Middlewares/ST/STM32_USB_Device_Library/Core/Src/usbd_core.c.obj
 .debug_macro   0x00016bb9       0x16 cmake/stm32cubemx/CMakeFiles/USB_Device_Library.dir/__/__/Middlewares/ST/STM32_USB_Device_Library/Core/Src/usbd_core.c.obj
 .debug_macro   0x00016bcf       0x3c cmake/stm32cubemx/CMakeFiles/USB_Device_Library.dir/__/__/Middlewares/ST/STM32_USB_Device_Library/Core/Src/usbd_core.c.obj
 .debug_macro   0x00016c0b       0x16 cmake/stm32cubemx/CMakeFiles/USB_Device_Library.dir/__/__/Middlewares/ST/STM32_USB_Device_Library/Core/Src/usbd_core.c.obj
 .debug_macro   0x00016c21       0x29 cmake/stm32cubemx/CMakeFiles/USB_Device_Library.dir/__/__/Middlewares/ST/STM32_USB_Device_Library/Core/Src/usbd_core.c.obj
 .debug_macro   0x00016c4a       0x16 cmake/stm32cubemx/CMakeFiles/USB_Device_Library.dir/__/__/Middlewares/ST/STM32_USB_Device_Library/Core/Src/usbd_core.c.obj
 .debug_macro   0x00016c60       0x20 cmake/stm32cubemx/CMakeFiles/USB_Device_Library.dir/__/__/Middlewares/ST/STM32_USB_Device_Library/Core/Src/usbd_core.c.obj
 .debug_macro   0x00016c80       0x56 cmake/stm32cubemx/CMakeFiles/USB_Device_Library.dir/__/__/Middlewares/ST/STM32_USB_Device_Library/Core/Src/usbd_core.c.obj
 .debug_macro   0x00016cd6       0x5f cmake/stm32cubemx/CMakeFiles/USB_Device_Library.dir/__/__/Middlewares/ST/STM32_USB_Device_Library/Core/Src/usbd_core.c.obj
 .debug_macro   0x00016d35      0x1ce cmake/stm32cubemx/CMakeFiles/USB_Device_Library.dir/__/__/Middlewares/ST/STM32_USB_Device_Library/Core/Src/usbd_core.c.obj
 .debug_macro   0x00016f03      0x323 cmake/stm32cubemx/CMakeFiles/USB_Device_Library.dir/__/__/Middlewares/ST/STM32_USB_Device_Library/Core/Src/usbd_ctlreq.c.obj
 .debug_macro   0x00017226      0x1c8 cmake/stm32cubemx/CMakeFiles/USB_Device_Library.dir/__/__/Middlewares/ST/STM32_USB_Device_Library/Core/Src/usbd_ctlreq.c.obj
 .debug_macro   0x000173ee      0x31f cmake/stm32cubemx/CMakeFiles/USB_Device_Library.dir/__/__/Middlewares/ST/STM32_USB_Device_Library/Core/Src/usbd_ioreq.c.obj
 .debug_macro   0x0001770d      0x332 cmake/stm32cubemx/CMakeFiles/USB_Device_Library.dir/__/__/Middlewares/ST/STM32_USB_Device_Library/Class/CDC/Src/usbd_cdc.c.obj
 .debug_macro   0x00017a3f       0x8f cmake/stm32cubemx/CMakeFiles/USB_Device_Library.dir/__/__/Middlewares/ST/STM32_USB_Device_Library/Class/CDC/Src/usbd_cdc.c.obj
 .debug_macro   0x00017ace      0x33c CMakeFiles/template_STM32F103C8T6.dir/USB_DEVICE/Target/usbd_conf.c.obj
 .debug_macro   0x00017e0a       0x74 CMakeFiles/template_STM32F103C8T6.dir/USB_DEVICE/Target/usbd_conf.c.obj
 .debug_macro   0x00017e7e      0x358 CMakeFiles/template_STM32F103C8T6.dir/USB_DEVICE/App/usb_device.c.obj
 .debug_macro   0x000181d6       0x22 CMakeFiles/template_STM32F103C8T6.dir/USB_DEVICE/App/usb_device.c.obj
 .debug_macro   0x000181f8       0x16 CMakeFiles/template_STM32F103C8T6.dir/USB_DEVICE/App/usb_device.c.obj
 .debug_macro   0x0001820e      0x356 CMakeFiles/template_STM32F103C8T6.dir/USB_DEVICE/App/usbd_desc.c.obj
 .debug_macro   0x00018564       0x1c CMakeFiles/template_STM32F103C8T6.dir/USB_DEVICE/App/usbd_desc.c.obj
 .debug_macro   0x00018580      0x33d CMakeFiles/template_STM32F103C8T6.dir/USB_DEVICE/App/usbd_cdc_if.c.obj
 .debug_macro   0x000188bd       0x10 CMakeFiles/template_STM32F103C8T6.dir/USB_DEVICE/App/usbd_cdc_if.c.obj
 .debug_macro   0x000188cd      0x35f CMakeFiles/template_STM32F103C8T6.dir/Core/Src/main.c.obj
 .debug_macro   0x00018c2c      0x1bc CMakeFiles/template_STM32F103C8T6.dir/Core/Src/gpio.c.obj
 .debug_macro   0x00018de8      0x1bc CMakeFiles/template_STM32F103C8T6.dir/Core/Src/stm32f1xx_it.c.obj
 .debug_macro   0x00018fa4      0x1b2 CMakeFiles/template_STM32F103C8T6.dir/Core/Src/stm32f1xx_hal_msp.c.obj

.debug_line     0x00000000     0xdb1a
 .debug_line    0x00000000      0x72f cmake/stm32cubemx/CMakeFiles/STM32_Drivers.dir/__/__/Core/Src/system_stm32f1xx.c.obj
 .debug_line    0x0000072f     0x12e5 cmake/stm32cubemx/CMakeFiles/STM32_Drivers.dir/__/__/Drivers/STM32F1xx_HAL_Driver/Src/stm32f1xx_hal_pcd.c.obj
 .debug_line    0x00001a14      0x72a cmake/stm32cubemx/CMakeFiles/STM32_Drivers.dir/__/__/Drivers/STM32F1xx_HAL_Driver/Src/stm32f1xx_hal_pcd_ex.c.obj
 .debug_line    0x0000213e     0x10d0 cmake/stm32cubemx/CMakeFiles/STM32_Drivers.dir/__/__/Drivers/STM32F1xx_HAL_Driver/Src/stm32f1xx_ll_usb.c.obj
 .debug_line    0x0000320e      0x960 cmake/stm32cubemx/CMakeFiles/STM32_Drivers.dir/__/__/Drivers/STM32F1xx_HAL_Driver/Src/stm32f1xx_hal.c.obj
 .debug_line    0x00003b6e      0xe19 cmake/stm32cubemx/CMakeFiles/STM32_Drivers.dir/__/__/Drivers/STM32F1xx_HAL_Driver/Src/stm32f1xx_hal_rcc.c.obj
 .debug_line    0x00004987      0x8ca cmake/stm32cubemx/CMakeFiles/STM32_Drivers.dir/__/__/Drivers/STM32F1xx_HAL_Driver/Src/stm32f1xx_hal_rcc_ex.c.obj
 .debug_line    0x00005251      0xb2a cmake/stm32cubemx/CMakeFiles/STM32_Drivers.dir/__/__/Drivers/STM32F1xx_HAL_Driver/Src/stm32f1xx_hal_cortex.c.obj
 .debug_line    0x00005d7b      0xcb4 cmake/stm32cubemx/CMakeFiles/USB_Device_Library.dir/__/__/Middlewares/ST/STM32_USB_Device_Library/Core/Src/usbd_core.c.obj
 .debug_line    0x00006a2f      0xefe cmake/stm32cubemx/CMakeFiles/USB_Device_Library.dir/__/__/Middlewares/ST/STM32_USB_Device_Library/Core/Src/usbd_ctlreq.c.obj
 .debug_line    0x0000792d      0x96a cmake/stm32cubemx/CMakeFiles/USB_Device_Library.dir/__/__/Middlewares/ST/STM32_USB_Device_Library/Core/Src/usbd_ioreq.c.obj
 .debug_line    0x00008297      0xc96 cmake/stm32cubemx/CMakeFiles/USB_Device_Library.dir/__/__/Middlewares/ST/STM32_USB_Device_Library/Class/CDC/Src/usbd_cdc.c.obj
 .debug_line    0x00008f2d      0xd16 CMakeFiles/template_STM32F103C8T6.dir/USB_DEVICE/Target/usbd_conf.c.obj
 .debug_line    0x00009c43      0x971 CMakeFiles/template_STM32F103C8T6.dir/USB_DEVICE/App/usb_device.c.obj
 .debug_line    0x0000a5b4      0x9e3 CMakeFiles/template_STM32F103C8T6.dir/USB_DEVICE/App/usbd_desc.c.obj
 .debug_line    0x0000af97      0x9c3 CMakeFiles/template_STM32F103C8T6.dir/USB_DEVICE/App/usbd_cdc_if.c.obj
 .debug_line    0x0000b95a      0xa1d CMakeFiles/template_STM32F103C8T6.dir/Core/Src/main.c.obj
 .debug_line    0x0000c377      0x6ad CMakeFiles/template_STM32F103C8T6.dir/Core/Src/gpio.c.obj
 .debug_line    0x0000ca24      0x777 CMakeFiles/template_STM32F103C8T6.dir/Core/Src/stm32f1xx_it.c.obj
 .debug_line    0x0000d19b      0x6b1 CMakeFiles/template_STM32F103C8T6.dir/Core/Src/stm32f1xx_hal_msp.c.obj
 .debug_line    0x0000d84c       0x78 CMakeFiles/template_STM32F103C8T6.dir/startup_stm32f103xb.s.obj
 .debug_line    0x0000d8c4      0x207 C:/ST/STM32CubeCLT_1.18.0/GNU-tools-for-STM32/bin/../lib/gcc/arm-none-eabi/13.3.1/../../../../arm-none-eabi/lib/thumb/v7-m/nofp\libg_nano.a(libc_a-memcpy-stub.o)
 .debug_line    0x0000dacb       0x4f C:/ST/STM32CubeCLT_1.18.0/GNU-tools-for-STM32/bin/../lib/gcc/arm-none-eabi/13.3.1/../../../../arm-none-eabi/lib/thumb/v7-m/nofp\libg_nano.a(libc_a-strlen.o)

.debug_str      0x00000000    0x844e8
 .debug_str     0x00000000    0x844e8 cmake/stm32cubemx/CMakeFiles/STM32_Drivers.dir/__/__/Core/Src/system_stm32f1xx.c.obj
                              0x7d811 (size before relaxing)