Archive member included to satisfy reference by file (symbol)

C:/ST/STM32CubeCLT_1.18.0/GNU-tools-for-STM32/bin/../lib/gcc/arm-none-eabi/13.3.1/../../../../arm-none-eabi/lib/thumb/v7-m/nofp\libc_nano.a(libc_a-exit.o)
                              C:/ST/STM32CubeCLT_1.18.0/GNU-tools-for-STM32/bin/../lib/gcc/arm-none-eabi/13.3.1/../../../../arm-none-eabi/lib/thumb/v7-m/nofp/crt0.o (exit)
C:/ST/STM32CubeCLT_1.18.0/GNU-tools-for-STM32/bin/../lib/gcc/arm-none-eabi/13.3.1/../../../../arm-none-eabi/lib/thumb/v7-m/nofp\libc_nano.a(libc_a-findfp.o)
                              C:/ST/STM32CubeCLT_1.18.0/GNU-tools-for-STM32/bin/../lib/gcc/arm-none-eabi/13.3.1/../../../../arm-none-eabi/lib/thumb/v7-m/nofp\libc_nano.a(libc_a-exit.o) (__stdio_exit_handler)
C:/ST/STM32CubeCLT_1.18.0/GNU-tools-for-STM32/bin/../lib/gcc/arm-none-eabi/13.3.1/../../../../arm-none-eabi/lib/thumb/v7-m/nofp\libc_nano.a(libc_a-fwalk.o)
                              C:/ST/STM32CubeCLT_1.18.0/GNU-tools-for-STM32/bin/../lib/gcc/arm-none-eabi/13.3.1/../../../../arm-none-eabi/lib/thumb/v7-m/nofp\libc_nano.a(libc_a-findfp.o) (_fwalk_sglue)
C:/ST/STM32CubeCLT_1.18.0/GNU-tools-for-STM32/bin/../lib/gcc/arm-none-eabi/13.3.1/../../../../arm-none-eabi/lib/thumb/v7-m/nofp\libc_nano.a(libc_a-stdio.o)
                              C:/ST/STM32CubeCLT_1.18.0/GNU-tools-for-STM32/bin/../lib/gcc/arm-none-eabi/13.3.1/../../../../arm-none-eabi/lib/thumb/v7-m/nofp\libc_nano.a(libc_a-findfp.o) (__sread)
C:/ST/STM32CubeCLT_1.18.0/GNU-tools-for-STM32/bin/../lib/gcc/arm-none-eabi/13.3.1/../../../../arm-none-eabi/lib/thumb/v7-m/nofp\libc_nano.a(libc_a-memset.o)
                              C:/ST/STM32CubeCLT_1.18.0/GNU-tools-for-STM32/bin/../lib/gcc/arm-none-eabi/13.3.1/../../../../arm-none-eabi/lib/thumb/v7-m/nofp/crt0.o (memset)
C:/ST/STM32CubeCLT_1.18.0/GNU-tools-for-STM32/bin/../lib/gcc/arm-none-eabi/13.3.1/../../../../arm-none-eabi/lib/thumb/v7-m/nofp\libc_nano.a(libc_a-closer.o)
                              C:/ST/STM32CubeCLT_1.18.0/GNU-tools-for-STM32/bin/../lib/gcc/arm-none-eabi/13.3.1/../../../../arm-none-eabi/lib/thumb/v7-m/nofp\libc_nano.a(libc_a-stdio.o) (_close_r)
C:/ST/STM32CubeCLT_1.18.0/GNU-tools-for-STM32/bin/../lib/gcc/arm-none-eabi/13.3.1/../../../../arm-none-eabi/lib/thumb/v7-m/nofp\libc_nano.a(libc_a-reent.o)
                              C:/ST/STM32CubeCLT_1.18.0/GNU-tools-for-STM32/bin/../lib/gcc/arm-none-eabi/13.3.1/../../../../arm-none-eabi/lib/thumb/v7-m/nofp\libc_nano.a(libc_a-closer.o) (errno)
C:/ST/STM32CubeCLT_1.18.0/GNU-tools-for-STM32/bin/../lib/gcc/arm-none-eabi/13.3.1/../../../../arm-none-eabi/lib/thumb/v7-m/nofp\libc_nano.a(libc_a-impure.o)
                              C:/ST/STM32CubeCLT_1.18.0/GNU-tools-for-STM32/bin/../lib/gcc/arm-none-eabi/13.3.1/../../../../arm-none-eabi/lib/thumb/v7-m/nofp\libc_nano.a(libc_a-reent.o) (_impure_ptr)
C:/ST/STM32CubeCLT_1.18.0/GNU-tools-for-STM32/bin/../lib/gcc/arm-none-eabi/13.3.1/../../../../arm-none-eabi/lib/thumb/v7-m/nofp\libc_nano.a(libc_a-lseekr.o)
                              C:/ST/STM32CubeCLT_1.18.0/GNU-tools-for-STM32/bin/../lib/gcc/arm-none-eabi/13.3.1/../../../../arm-none-eabi/lib/thumb/v7-m/nofp\libc_nano.a(libc_a-stdio.o) (_lseek_r)
C:/ST/STM32CubeCLT_1.18.0/GNU-tools-for-STM32/bin/../lib/gcc/arm-none-eabi/13.3.1/../../../../arm-none-eabi/lib/thumb/v7-m/nofp\libc_nano.a(libc_a-readr.o)
                              C:/ST/STM32CubeCLT_1.18.0/GNU-tools-for-STM32/bin/../lib/gcc/arm-none-eabi/13.3.1/../../../../arm-none-eabi/lib/thumb/v7-m/nofp\libc_nano.a(libc_a-stdio.o) (_read_r)
C:/ST/STM32CubeCLT_1.18.0/GNU-tools-for-STM32/bin/../lib/gcc/arm-none-eabi/13.3.1/../../../../arm-none-eabi/lib/thumb/v7-m/nofp\libc_nano.a(libc_a-writer.o)
                              C:/ST/STM32CubeCLT_1.18.0/GNU-tools-for-STM32/bin/../lib/gcc/arm-none-eabi/13.3.1/../../../../arm-none-eabi/lib/thumb/v7-m/nofp\libc_nano.a(libc_a-stdio.o) (_write_r)
C:/ST/STM32CubeCLT_1.18.0/GNU-tools-for-STM32/bin/../lib/gcc/arm-none-eabi/13.3.1/../../../../arm-none-eabi/lib/thumb/v7-m/nofp\libc_nano.a(libc_a-init.o)
                              C:/ST/STM32CubeCLT_1.18.0/GNU-tools-for-STM32/bin/../lib/gcc/arm-none-eabi/13.3.1/../../../../arm-none-eabi/lib/thumb/v7-m/nofp/crt0.o (__libc_init_array)
C:/ST/STM32CubeCLT_1.18.0/GNU-tools-for-STM32/bin/../lib/gcc/arm-none-eabi/13.3.1/../../../../arm-none-eabi/lib/thumb/v7-m/nofp\libc_nano.a(libc_a-lock.o)
                              C:/ST/STM32CubeCLT_1.18.0/GNU-tools-for-STM32/bin/../lib/gcc/arm-none-eabi/13.3.1/../../../../arm-none-eabi/lib/thumb/v7-m/nofp\libc_nano.a(libc_a-findfp.o) (__retarget_lock_init_recursive)
C:/ST/STM32CubeCLT_1.18.0/GNU-tools-for-STM32/bin/../lib/gcc/arm-none-eabi/13.3.1/../../../../arm-none-eabi/lib/thumb/v7-m/nofp\libc_nano.a(libc_a-freer.o)
                              C:/ST/STM32CubeCLT_1.18.0/GNU-tools-for-STM32/bin/../lib/gcc/arm-none-eabi/13.3.1/../../../../arm-none-eabi/lib/thumb/v7-m/nofp\libc_nano.a(libc_a-reent.o) (_free_r)
[...]
Memory Configuration

Name             Origin             Length             Attributes
RAM              0x20000000         0x00005000         xrw
FLASH            0x08000000         0x00010000         xr
*default*        0x00000000         0xffffffff

Linker script and memory map

LOAD C:/ST/STM32CubeCLT_1.18.0/GNU-tools-for-STM32/bin/../lib/gcc/arm-none-eabi/13.3.1/thumb/v7-m/nofp/crti.o
LOAD C:/ST/STM32CubeCLT_1.18.0/GNU-tools-for-STM32/bin/../lib/gcc/arm-none-eabi/13.3.1/thumb/v7-m/nofp/crtbegin.o
LOAD C:/ST/STM32CubeCLT_1.18.0/GNU-tools-for-STM32/bin/../lib/gcc/arm-none-eabi/13.3.1/../../../../arm-none-eabi/lib/thumb/v7-m/nofp/crt0.o
START GROUP
LOAD C:/ST/STM32CubeCLT_1.18.0/GNU-tools-for-STM32/bin/../lib/gcc/arm-none-eabi/13.3.1/../../../../arm-none-eabi/lib/thumb/v7-m/nofp\libc_nano.a
LOAD C:/ST/STM32CubeCLT_1.18.0/GNU-tools-for-STM32/bin/../lib/gcc/arm-none-eabi/13.3.1/../../../../arm-none-eabi/lib/thumb/v7-m/nofp\libm.a
END GROUP
LOAD cmake/stm32cubemx/CMakeFiles/STM32_Drivers.dir/__/__/Core/Src/system_stm32f1xx.c.obj
LOAD cmake/stm32cubemx/CMakeFiles/STM32_Drivers.dir/__/__/Drivers/STM32F1xx_HAL_Driver/Src/stm32f1xx_hal_gpio_ex.c.obj
LOAD cmake/stm32cubemx/CMakeFiles/STM32_Drivers.dir/__/__/Drivers/STM32F1xx_HAL_Driver/Src/stm32f1xx_hal.c.obj
LOAD cmake/stm32cubemx/CMakeFiles/STM32_Drivers.dir/__/__/Drivers/STM32F1xx_HAL_Driver/Src/stm32f1xx_hal_rcc.c.obj
LOAD cmake/stm32cubemx/CMakeFiles/STM32_Drivers.dir/__/__/Drivers/STM32F1xx_HAL_Driver/Src/stm32f1xx_hal_rcc_ex.c.obj
LOAD cmake/stm32cubemx/CMakeFiles/STM32_Drivers.dir/__/__/Drivers/STM32F1xx_HAL_Driver/Src/stm32f1xx_hal_gpio.c.obj
LOAD cmake/stm32cubemx/CMakeFiles/STM32_Drivers.dir/__/__/Drivers/STM32F1xx_HAL_Driver/Src/stm32f1xx_hal_dma.c.obj
LOAD cmake/stm32cubemx/CMakeFiles/STM32_Drivers.dir/__/__/Drivers/STM32F1xx_HAL_Driver/Src/stm32f1xx_hal_cortex.c.obj
LOAD cmake/stm32cubemx/CMakeFiles/STM32_Drivers.dir/__/__/Drivers/STM32F1xx_HAL_Driver/Src/stm32f1xx_hal_pwr.c.obj
LOAD cmake/stm32cubemx/CMakeFiles/STM32_Drivers.dir/__/__/Drivers/STM32F1xx_HAL_Driver/Src/stm32f1xx_hal_flash.c.obj
LOAD cmake/stm32cubemx/CMakeFiles/STM32_Drivers.dir/__/__/Drivers/STM32F1xx_HAL_Driver/Src/stm32f1xx_hal_flash_ex.c.obj
LOAD cmake/stm32cubemx/CMakeFiles/STM32_Drivers.dir/__/__/Drivers/STM32F1xx_HAL_Driver/Src/stm32f1xx_hal_exti.c.obj
LOAD CMakeFiles/template_STM32F103C8T6.dir/Core/Src/main.c.obj
LOAD CMakeFiles/template_STM32F103C8T6.dir/Core/Src/gpio.c.obj
LOAD CMakeFiles/template_STM32F103C8T6.dir/Core/Src/stm32f1xx_it.c.obj
LOAD CMakeFiles/template_STM32F103C8T6.dir/Core/Src/stm32f1xx_hal_msp.c.obj
LOAD CMakeFiles/template_STM32F103C8T6.dir/Core/Src/sysmem.c.obj
LOAD CMakeFiles/template_STM32F103C8T6.dir/Core/Src/syscalls.c.obj
LOAD CMakeFiles/template_STM32F103C8T6.dir/startup_stm32f103xb.s.obj
START GROUP
LOAD C:/ST/STM32CubeCLT_1.18.0/GNU-tools-for-STM32/bin/../lib/gcc/arm-none-eabi/13.3.1/thumb/v7-m/nofp\libgcc.a
LOAD C:/ST/STM32CubeCLT_1.18.0/GNU-tools-for-STM32/bin/../lib/gcc/arm-none-eabi/13.3.1/../../../../arm-none-eabi/lib/thumb/v7-m/nofp\libg_nano.a
LOAD C:/ST/STM32CubeCLT_1.18.0/GNU-tools-for-STM32/bin/../lib/gcc/arm-none-eabi/13.3.1/../../../../arm-none-eabi/lib/thumb/v7-m/nofp\libc_nano.a
END GROUP
START GROUP
LOAD C:/ST/STM32CubeCLT_1.18.0/GNU-tools-for-STM32/bin/../lib/gcc/arm-none-eabi/13.3.1/thumb/v7-m/nofp\libgcc.a
LOAD C:/ST/STM32CubeCLT_1.18.0/GNU-tools-for-STM32/bin/../lib/gcc/arm-none-eabi/13.3.1/../../../../arm-none-eabi/lib/thumb/v7-m/nofp\libc_nano.a
END GROUP
LOAD C:/ST/STM32CubeCLT_1.18.0/GNU-tools-for-STM32/bin/../lib/gcc/arm-none-eabi/13.3.1/thumb/v7-m/nofp/crtend.o
LOAD C:/ST/STM32CubeCLT_1.18.0/GNU-tools-for-STM32/bin/../lib/gcc/arm-none-eabi/13.3.1/thumb/v7-m/nofp/crtn.o
                0x20005000                        _estack = (ORIGIN (RAM) + LENGTH (RAM))
                0x00000200                        _Min_Heap_Size = 0x200
                0x00000400                        _Min_Stack_Size = 0x400

.isr_vector     0x08000000      0x10c
                0x08000000                        . = ALIGN (0x4)
 *(.isr_vector)
 .isr_vector    0x08000000      0x10c CMakeFiles/template_STM32F103C8T6.dir/startup_stm32f103xb.s.obj
                0x08000000                g_pfnVectors
                0x0800010c                        . = ALIGN (0x4)

.text           0x0800010c      0xcf8
                0x0800010c                        . = ALIGN (0x4)
 *(.text)
 .text          0x0800010c       0x40 C:/ST/STM32CubeCLT_1.18.0/GNU-tools-for-STM32/bin/../lib/gcc/arm-none-eabi/13.3.1/thumb/v7-m/nofp/crtbegin.o
 *(.text*)
 .text.memset   0x0800014c       0x10 C:/ST/STM32CubeCLT_1.18.0/GNU-tools-for-STM32/bin/../lib/gcc/arm-none-eabi/13.3.1/../../../../arm-none-eabi/lib/thumb/v7-m/nofp\libc_nano.a(libc_a-memset.o)
                0x0800014c                memset
 .text.__libc_init_array
                0x0800015c       0x48 C:/ST/STM32CubeCLT_1.18.0/GNU-tools-for-STM32/bin/../lib/gcc/arm-none-eabi/13.3.1/../../../../arm-none-eabi/lib/thumb/v7-m/nofp\libc_nano.a(libc_a-init.o)
                0x0800015c                __libc_init_array
 .text.SystemInit
                0x080001a4        0xc cmake/stm32cubemx/CMakeFiles/STM32_Drivers.dir/__/__/Core/Src/system_stm32f1xx.c.obj
                0x080001a4                SystemInit
 .text.HAL_Init
                0x080001b0       0x2c cmake/stm32cubemx/CMakeFiles/STM32_Drivers.dir/__/__/Drivers/STM32F1xx_HAL_Driver/Src/stm32f1xx_hal.c.obj
                0x080001b0                HAL_Init
 .text.HAL_InitTick
                0x080001dc       0x60 cmake/stm32cubemx/CMakeFiles/STM32_Drivers.dir/__/__/Drivers/STM32F1xx_HAL_Driver/Src/stm32f1xx_hal.c.obj
                0x080001dc                HAL_InitTick
 .text.HAL_IncTick
                0x0800023c       0x24 cmake/stm32cubemx/CMakeFiles/STM32_Drivers.dir/__/__/Drivers/STM32F1xx_HAL_Driver/Src/stm32f1xx_hal.c.obj
                0x0800023c                HAL_IncTick
 .text.HAL_GetTick
                0x08000260       0x14 cmake/stm32cubemx/CMakeFiles/STM32_Drivers.dir/__/__/Drivers/STM32F1xx_HAL_Driver/Src/stm32f1xx_hal.c.obj
                0x08000260                HAL_GetTick
 .text.HAL_RCC_OscConfig
                0x08000274      0x504 cmake/stm32cubemx/CMakeFiles/STM32_Drivers.dir/__/__/Drivers/STM32F1xx_HAL_Driver/Src/stm32f1xx_hal_rcc.c.obj
                0x08000274                HAL_RCC_OscConfig
 .text.HAL_RCC_ClockConfig
                0x08000778      0x1d4 cmake/stm32cubemx/CMakeFiles/STM32_Drivers.dir/__/__/Drivers/STM32F1xx_HAL_Driver/Src/stm32f1xx_hal_rcc.c.obj
                0x08000778                HAL_RCC_ClockConfig
 .text.HAL_RCC_GetSysClockFreq
                0x0800094c       0xa8 cmake/stm32cubemx/CMakeFiles/STM32_Drivers.dir/__/__/Drivers/STM32F1xx_HAL_Driver/Src/stm32f1xx_hal_rcc.c.obj
                0x0800094c                HAL_RCC_GetSysClockFreq
 .text.RCC_Delay
                0x080009f4       0x3c cmake/stm32cubemx/CMakeFiles/STM32_Drivers.dir/__/__/Drivers/STM32F1xx_HAL_Driver/Src/stm32f1xx_hal_rcc.c.obj
 .text.__NVIC_SetPriorityGrouping
                0x08000a30       0x48 cmake/stm32cubemx/CMakeFiles/STM32_Drivers.dir/__/__/Drivers/STM32F1xx_HAL_Driver/Src/stm32f1xx_hal_cortex.c.obj
 .text.__NVIC_GetPriorityGrouping
                0x08000a78       0x1c cmake/stm32cubemx/CMakeFiles/STM32_Drivers.dir/__/__/Drivers/STM32F1xx_HAL_Driver/Src/stm32f1xx_hal_cortex.c.obj
 .text.__NVIC_SetPriority
                0x08000a94       0x54 cmake/stm32cubemx/CMakeFiles/STM32_Drivers.dir/__/__/Drivers/STM32F1xx_HAL_Driver/Src/stm32f1xx_hal_cortex.c.obj
 .text.NVIC_EncodePriority
                0x08000ae8       0x64 cmake/stm32cubemx/CMakeFiles/STM32_Drivers.dir/__/__/Drivers/STM32F1xx_HAL_Driver/Src/stm32f1xx_hal_cortex.c.obj
 .text.SysTick_Config
                0x08000b4c       0x44 cmake/stm32cubemx/CMakeFiles/STM32_Drivers.dir/__/__/Drivers/STM32F1xx_HAL_Driver/Src/stm32f1xx_hal_cortex.c.obj
 .text.HAL_NVIC_SetPriorityGrouping
                0x08000b90       0x16 cmake/stm32cubemx/CMakeFiles/STM32_Drivers.dir/__/__/Drivers/STM32F1xx_HAL_Driver/Src/stm32f1xx_hal_cortex.c.obj
                0x08000b90                HAL_NVIC_SetPriorityGrouping
 .text.HAL_NVIC_SetPriority
                0x08000ba6       0x38 cmake/stm32cubemx/CMakeFiles/STM32_Drivers.dir/__/__/Drivers/STM32F1xx_HAL_Driver/Src/stm32f1xx_hal_cortex.c.obj
                0x08000ba6                HAL_NVIC_SetPriority
 .text.HAL_SYSTICK_Config
                0x08000bde       0x18 cmake/stm32cubemx/CMakeFiles/STM32_Drivers.dir/__/__/Drivers/STM32F1xx_HAL_Driver/Src/stm32f1xx_hal_cortex.c.obj
                0x08000bde                HAL_SYSTICK_Config
 .text.main     0x08000bf6       0x14 CMakeFiles/template_STM32F103C8T6.dir/Core/Src/main.c.obj
                0x08000bf6                main
 .text.SystemClock_Config
                0x08000c0a       0x8a CMakeFiles/template_STM32F103C8T6.dir/Core/Src/main.c.obj
                0x08000c0a                SystemClock_Config
 .text.Error_Handler
                0x08000c94        0xc CMakeFiles/template_STM32F103C8T6.dir/Core/Src/main.c.obj
                0x08000c94                Error_Handler
 .text.MX_GPIO_Init
                0x08000ca0       0x44 CMakeFiles/template_STM32F103C8T6.dir/Core/Src/gpio.c.obj
                0x08000ca0                MX_GPIO_Init
 .text.NMI_Handler
                0x08000ce4        0x8 CMakeFiles/template_STM32F103C8T6.dir/Core/Src/stm32f1xx_it.c.obj
                0x08000ce4                NMI_Handler
 .text.HardFault_Handler
                0x08000cec        0x8 CMakeFiles/template_STM32F103C8T6.dir/Core/Src/stm32f1xx_it.c.obj
                0x08000cec                HardFault_Handler
 .text.MemManage_Handler
                0x08000cf4        0x8 CMakeFiles/template_STM32F103C8T6.dir/Core/Src/stm32f1xx_it.c.obj
                0x08000cf4                MemManage_Handler
 .text.BusFault_Handler
                0x08000cfc        0x8 CMakeFiles/template_STM32F103C8T6.dir/Core/Src/stm32f1xx_it.c.obj
                0x08000cfc                BusFault_Handler
 .text.UsageFault_Handler
                0x08000d04        0x8 CMakeFiles/template_STM32F103C8T6.dir/Core/Src/stm32f1xx_it.c.obj
                0x08000d04                UsageFault_Handler
 .text.SVC_Handler
                0x08000d0c        0xc CMakeFiles/template_STM32F103C8T6.dir/Core/Src/stm32f1xx_it.c.obj
                0x08000d0c                SVC_Handler
 .text.DebugMon_Handler
                0x08000d18        0xc CMakeFiles/template_STM32F103C8T6.dir/Core/Src/stm32f1xx_it.c.obj
                0x08000d18                DebugMon_Handler
 .text.PendSV_Handler
                0x08000d24        0xc CMakeFiles/template_STM32F103C8T6.dir/Core/Src/stm32f1xx_it.c.obj
                0x08000d24                PendSV_Handler
 .text.SysTick_Handler
                0x08000d30        0xc CMakeFiles/template_STM32F103C8T6.dir/Core/Src/stm32f1xx_it.c.obj
                0x08000d30                SysTick_Handler
 .text.HAL_MspInit
                0x08000d3c       0x64 CMakeFiles/template_STM32F103C8T6.dir/Core/Src/stm32f1xx_hal_msp.c.obj
                0x08000d3c                HAL_MspInit
 .text.Reset_Handler
                0x08000da0       0x48 CMakeFiles/template_STM32F103C8T6.dir/startup_stm32f103xb.s.obj
                0x08000da0                Reset_Handler
 .text.Default_Handler
                0x08000de8        0x2 CMakeFiles/template_STM32F103C8T6.dir/startup_stm32f103xb.s.obj
                0x08000de8                RTC_Alarm_IRQHandler
                0x08000de8                EXTI2_IRQHandler
                0x08000de8                TIM1_CC_IRQHandler
                0x08000de8                PVD_IRQHandler
                0x08000de8                EXTI3_IRQHandler
                0x08000de8                EXTI0_IRQHandler
                0x08000de8                I2C2_EV_IRQHandler
                0x08000de8                ADC1_2_IRQHandler
                0x08000de8                SPI1_IRQHandler
                0x08000de8                TAMPER_IRQHandler
                0x08000de8                DMA1_Channel4_IRQHandler
                0x08000de8                USART3_IRQHandler
                0x08000de8                RTC_IRQHandler
                0x08000de8                DMA1_Channel7_IRQHandler
                0x08000de8                CAN1_RX1_IRQHandler
                0x08000de8                TIM4_IRQHandler
                0x08000de8                I2C1_EV_IRQHandler
                0x08000de8                DMA1_Channel6_IRQHandler
                0x08000de8                TIM3_IRQHandler
                0x08000de8                RCC_IRQHandler
                0x08000de8                TIM1_TRG_COM_IRQHandler
                0x08000de8                DMA1_Channel1_IRQHandler
                0x08000de8                Default_Handler
                0x08000de8                EXTI15_10_IRQHandler
                0x08000de8                EXTI9_5_IRQHandler
                0x08000de8                SPI2_IRQHandler
                0x08000de8                DMA1_Channel5_IRQHandler
                0x08000de8                EXTI4_IRQHandler
                0x08000de8                USB_LP_CAN1_RX0_IRQHandler
                0x08000de8                USB_HP_CAN1_TX_IRQHandler
                0x08000de8                DMA1_Channel3_IRQHandler
                0x08000de8                TIM1_UP_IRQHandler
                0x08000de8                WWDG_IRQHandler
                0x08000de8                TIM2_IRQHandler
                0x08000de8                TIM1_BRK_IRQHandler
                0x08000de8                EXTI1_IRQHandler
                0x08000de8                USART2_IRQHandler
                0x08000de8                I2C2_ER_IRQHandler
                0x08000de8                DMA1_Channel2_IRQHandler
                0x08000de8                CAN1_SCE_IRQHandler
                0x08000de8                FLASH_IRQHandler
                0x08000de8                USART1_IRQHandler
                0x08000de8                I2C1_ER_IRQHandler
                0x08000de8                USBWakeUp_IRQHandler
 *(.glue_7)
 .glue_7        0x08000dea        0x0 linker stubs
 *(.glue_7t)
 .glue_7t       0x08000dea        0x0 linker stubs
 *(.eh_frame)
 *fill*         0x08000dea        0x2 
 .eh_frame      0x08000dec        0x0 C:/ST/STM32CubeCLT_1.18.0/GNU-tools-for-STM32/bin/../lib/gcc/arm-none-eabi/13.3.1/thumb/v7-m/nofp/crtbegin.o
 *(.init)
 .init          0x08000dec        0x4 C:/ST/STM32CubeCLT_1.18.0/GNU-tools-for-STM32/bin/../lib/gcc/arm-none-eabi/13.3.1/thumb/v7-m/nofp/crti.o
                0x08000dec                _init
 .init          0x08000df0        0x8 C:/ST/STM32CubeCLT_1.18.0/GNU-tools-for-STM32/bin/../lib/gcc/arm-none-eabi/13.3.1/thumb/v7-m/nofp/crtn.o
 *(.fini)
 .fini          0x08000df8        0x4 C:/ST/STM32CubeCLT_1.18.0/GNU-tools-for-STM32/bin/../lib/gcc/arm-none-eabi/13.3.1/thumb/v7-m/nofp/crti.o
                0x08000df8                _fini
 .fini          0x08000dfc        0x8 C:/ST/STM32CubeCLT_1.18.0/GNU-tools-for-STM32/bin/../lib/gcc/arm-none-eabi/13.3.1/thumb/v7-m/nofp/crtn.o
                0x08000e04                        . = ALIGN (0x4)
                0x08000e04                        _etext = .

.vfp11_veneer   0x08000e04        0x0
 .vfp11_veneer  0x08000e04        0x0 linker stubs

.v4_bx          0x08000e04        0x0
 .v4_bx         0x08000e04        0x0 linker stubs

.iplt           0x08000e04        0x0
 .iplt          0x08000e04        0x0 C:/ST/STM32CubeCLT_1.18.0/GNU-tools-for-STM32/bin/../lib/gcc/arm-none-eabi/13.3.1/thumb/v7-m/nofp/crtbegin.o

.rodata         0x08000e04       0x24
                0x08000e04                        . = ALIGN (0x4)
 *(.rodata)
 *(.rodata*)
 .rodata.AHBPrescTable
                0x08000e04       0x10 cmake/stm32cubemx/CMakeFiles/STM32_Drivers.dir/__/__/Core/Src/system_stm32f1xx.c.obj
                0x08000e04                AHBPrescTable
 .rodata.aPLLMULFactorTable.1
                0x08000e14       0x10 cmake/stm32cubemx/CMakeFiles/STM32_Drivers.dir/__/__/Drivers/STM32F1xx_HAL_Driver/Src/stm32f1xx_hal_rcc.c.obj
 .rodata.aPredivFactorTable.0
                0x08000e24        0x2 cmake/stm32cubemx/CMakeFiles/STM32_Drivers.dir/__/__/Drivers/STM32F1xx_HAL_Driver/Src/stm32f1xx_hal_rcc.c.obj
                0x08000e28                        . = ALIGN (0x4)
 *fill*         0x08000e26        0x2 

.ARM.extab      0x08000e28        0x0
                0x08000e28                        . = ALIGN (0x4)
 *(.ARM.extab* .gnu.linkonce.armextab.*)
                0x08000e28                        . = ALIGN (0x4)

.ARM            0x08000e28        0x0
                0x08000e28                        . = ALIGN (0x4)
                0x08000e28                        __exidx_start = .
 *(.ARM.exidx*)
                0x08000e28                        __exidx_end = .
                0x08000e28                        . = ALIGN (0x4)

.preinit_array  0x08000e28        0x0
                0x08000e28                        . = ALIGN (0x4)
                0x08000e28                        PROVIDE (__preinit_array_start = .)
 *(.preinit_array*)
                0x08000e28                        PROVIDE (__preinit_array_end = .)
                0x08000e28                        . = ALIGN (0x4)

.init_array     0x08000e28        0x4
                0x08000e28                        . = ALIGN (0x4)
                0x08000e28                        PROVIDE (__init_array_start = .)
 *(SORT_BY_NAME(.init_array.*))
 *(.init_array*)
 .init_array    0x08000e28        0x4 C:/ST/STM32CubeCLT_1.18.0/GNU-tools-for-STM32/bin/../lib/gcc/arm-none-eabi/13.3.1/thumb/v7-m/nofp/crtbegin.o
                0x08000e2c                        PROVIDE (__init_array_end = .)
                0x08000e2c                        . = ALIGN (0x4)

.fini_array     0x08000e2c        0x4
                0x08000e2c                        . = ALIGN (0x4)
                [!provide]                        PROVIDE (__fini_array_start = .)
 *(SORT_BY_NAME(.fini_array.*))
 *(.fini_array*)
 .fini_array    0x08000e2c        0x4 C:/ST/STM32CubeCLT_1.18.0/GNU-tools-for-STM32/bin/../lib/gcc/arm-none-eabi/13.3.1/thumb/v7-m/nofp/crtbegin.o
                [!provide]                        PROVIDE (__fini_array_end = .)
                0x08000e30                        . = ALIGN (0x4)
                0x08000e30                        _sidata = LOADADDR (.data)

.rel.dyn        0x08000e30        0x0
 .rel.iplt      0x08000e30        0x0 C:/ST/STM32CubeCLT_1.18.0/GNU-tools-for-STM32/bin/../lib/gcc/arm-none-eabi/13.3.1/thumb/v7-m/nofp/crtbegin.o

.data           0x20000000        0xc load address 0x08000e30
                0x20000000                        . = ALIGN (0x4)
                0x20000000                        _sdata = .
 *(.data)
 *(.data*)
 .data.SystemCoreClock
                0x20000000        0x4 cmake/stm32cubemx/CMakeFiles/STM32_Drivers.dir/__/__/Core/Src/system_stm32f1xx.c.obj
                0x20000000                SystemCoreClock
 .data.uwTickPrio
                0x20000004        0x4 cmake/stm32cubemx/CMakeFiles/STM32_Drivers.dir/__/__/Drivers/STM32F1xx_HAL_Driver/Src/stm32f1xx_hal.c.obj
                0x20000004                uwTickPrio
 .data.uwTickFreq
                0x20000008        0x1 cmake/stm32cubemx/CMakeFiles/STM32_Drivers.dir/__/__/Drivers/STM32F1xx_HAL_Driver/Src/stm32f1xx_hal.c.obj
                0x20000008                uwTickFreq
 *(.RamFunc)
 *(.RamFunc*)
                0x2000000c                        . = ALIGN (0x4)
 *fill*         0x20000009        0x3 
                0x2000000c                        _edata = .

.igot.plt       0x2000000c        0x0 load address 0x08000e3c
 .igot.plt      0x2000000c        0x0 C:/ST/STM32CubeCLT_1.18.0/GNU-tools-for-STM32/bin/../lib/gcc/arm-none-eabi/13.3.1/thumb/v7-m/nofp/crtbegin.o
                0x2000000c                        . = ALIGN (0x4)

.bss            0x2000000c       0x20 load address 0x08000e3c
                0x2000000c                        _sbss = .
                0x2000000c                        __bss_start__ = _sbss
 *(.bss)
 .bss           0x2000000c       0x1c C:/ST/STM32CubeCLT_1.18.0/GNU-tools-for-STM32/bin/../lib/gcc/arm-none-eabi/13.3.1/thumb/v7-m/nofp/crtbegin.o
 *(.bss*)
 .bss.uwTick    0x20000028        0x4 cmake/stm32cubemx/CMakeFiles/STM32_Drivers.dir/__/__/Drivers/STM32F1xx_HAL_Driver/Src/stm32f1xx_hal.c.obj
                0x20000028                uwTick
 *(COMMON)
                0x2000002c                        . = ALIGN (0x4)
                0x2000002c                        _ebss = .
                0x2000002c                        __bss_end__ = _ebss

._user_heap_stack
                0x2000002c      0x604 load address 0x08000e3c
                0x20000030                        . = ALIGN (0x8)
 *fill*         0x2000002c        0x4 
                [!provide]                        PROVIDE (end = .)
                0x20000030                        PROVIDE (_end = .)
                0x20000230                        . = (. + _Min_Heap_Size)
 *fill*         0x20000030      0x200 
                0x20000630                        . = (. + _Min_Stack_Size)
 *fill*         0x20000230      0x400 
                0x20000630                        . = ALIGN (0x8)

/DISCARD/
 libc.a(*)
 libm.a(*)
 libgcc.a(*)
OUTPUT(template_STM32F103C8T6.elf elf32-littlearm)
LOAD linker stubs
LOAD C:/ST/STM32CubeCLT_1.18.0/GNU-tools-for-STM32/bin/../lib/gcc/arm-none-eabi/13.3.1/../../../../arm-none-eabi/lib/thumb/v7-m/nofp\libc.a
LOAD C:/ST/STM32CubeCLT_1.18.0/GNU-tools-for-STM32/bin/../lib/gcc/arm-none-eabi/13.3.1/../../../../arm-none-eabi/lib/thumb/v7-m/nofp\libm.a
LOAD C:/ST/STM32CubeCLT_1.18.0/GNU-tools-for-STM32/bin/../lib/gcc/arm-none-eabi/13.3.1/thumb/v7-m/nofp\libgcc.a

.ARM.attributes
                0x00000000       0x29
 .ARM.attributes
                0x00000000       0x1d C:/ST/STM32CubeCLT_1.18.0/GNU-tools-for-STM32/bin/../lib/gcc/arm-none-eabi/13.3.1/thumb/v7-m/nofp/crti.o
 .ARM.attributes
                0x0000001d       0x2d C:/ST/STM32CubeCLT_1.18.0/GNU-tools-for-STM32/bin/../lib/gcc/arm-none-eabi/13.3.1/thumb/v7-m/nofp/crtbegin.o
 .ARM.attributes
                0x0000004a       0x2d C:/ST/STM32CubeCLT_1.18.0/GNU-tools-for-STM32/bin/../lib/gcc/arm-none-eabi/13.3.1/../../../../arm-none-eabi/lib/thumb/v7-m/nofp\libc_nano.a(libc_a-memset.o)
 .ARM.attributes
                0x00000077       0x2d C:/ST/STM32CubeCLT_1.18.0/GNU-tools-for-STM32/bin/../lib/gcc/arm-none-eabi/13.3.1/../../../../arm-none-eabi/lib/thumb/v7-m/nofp\libc_nano.a(libc_a-init.o)
 .ARM.attributes
                0x000000a4       0x2d cmake/stm32cubemx/CMakeFiles/STM32_Drivers.dir/__/__/Core/Src/system_stm32f1xx.c.obj
 .ARM.attributes
                0x000000d1       0x2d cmake/stm32cubemx/CMakeFiles/STM32_Drivers.dir/__/__/Drivers/STM32F1xx_HAL_Driver/Src/stm32f1xx_hal.c.obj
 .ARM.attributes
                0x000000fe       0x2d cmake/stm32cubemx/CMakeFiles/STM32_Drivers.dir/__/__/Drivers/STM32F1xx_HAL_Driver/Src/stm32f1xx_hal_rcc.c.obj
 .ARM.attributes
                0x0000012b       0x2d cmake/stm32cubemx/CMakeFiles/STM32_Drivers.dir/__/__/Drivers/STM32F1xx_HAL_Driver/Src/stm32f1xx_hal_cortex.c.obj
 .ARM.attributes
                0x00000158       0x2d CMakeFiles/template_STM32F103C8T6.dir/Core/Src/main.c.obj
 .ARM.attributes
                0x00000185       0x2d CMakeFiles/template_STM32F103C8T6.dir/Core/Src/gpio.c.obj
 .ARM.attributes
                0x000001b2       0x2d CMakeFiles/template_STM32F103C8T6.dir/Core/Src/stm32f1xx_it.c.obj
 .ARM.attributes
                0x000001df       0x2d CMakeFiles/template_STM32F103C8T6.dir/Core/Src/stm32f1xx_hal_msp.c.obj
 .ARM.attributes
                0x0000020c       0x21 CMakeFiles/template_STM32F103C8T6.dir/startup_stm32f103xb.s.obj
 .ARM.attributes
                0x0000022d       0x1d C:/ST/STM32CubeCLT_1.18.0/GNU-tools-for-STM32/bin/../lib/gcc/arm-none-eabi/13.3.1/thumb/v7-m/nofp/crtn.o

.comment        0x00000000       0x43
 .comment       0x00000000       0x43 cmake/stm32cubemx/CMakeFiles/STM32_Drivers.dir/__/__/Core/Src/system_stm32f1xx.c.obj
                                 0x44 (size before relaxing)
 .comment       0x00000043       0x44 cmake/stm32cubemx/CMakeFiles/STM32_Drivers.dir/__/__/Drivers/STM32F1xx_HAL_Driver/Src/stm32f1xx_hal.c.obj
 .comment       0x00000043       0x44 cmake/stm32cubemx/CMakeFiles/STM32_Drivers.dir/__/__/Drivers/STM32F1xx_HAL_Driver/Src/stm32f1xx_hal_rcc.c.obj
 .comment       0x00000043       0x44 cmake/stm32cubemx/CMakeFiles/STM32_Drivers.dir/__/__/Drivers/STM32F1xx_HAL_Driver/Src/stm32f1xx_hal_cortex.c.obj
 .comment       0x00000043       0x44 CMakeFiles/template_STM32F103C8T6.dir/Core/Src/main.c.obj
 .comment       0x00000043       0x44 CMakeFiles/template_STM32F103C8T6.dir/Core/Src/gpio.c.obj
 .comment       0x00000043       0x44 CMakeFiles/template_STM32F103C8T6.dir/Core/Src/stm32f1xx_it.c.obj
 .comment       0x00000043       0x44 CMakeFiles/template_STM32F103C8T6.dir/Core/Src/stm32f1xx_hal_msp.c.obj

.debug_frame    0x00000000      0xbf4
 .debug_frame   0x00000000       0x20 C:/ST/STM32CubeCLT_1.18.0/GNU-tools-for-STM32/bin/../lib/gcc/arm-none-eabi/13.3.1/../../../../arm-none-eabi/lib/thumb/v7-m/nofp\libc_nano.a(libc_a-memset.o)
 .debug_frame   0x00000020       0x2c C:/ST/STM32CubeCLT_1.18.0/GNU-tools-for-STM32/bin/../lib/gcc/arm-none-eabi/13.3.1/../../../../arm-none-eabi/lib/thumb/v7-m/nofp\libc_nano.a(libc_a-init.o)
 .debug_frame   0x0000004c       0x58 cmake/stm32cubemx/CMakeFiles/STM32_Drivers.dir/__/__/Core/Src/system_stm32f1xx.c.obj
 .debug_frame   0x000000a4      0x334 cmake/stm32cubemx/CMakeFiles/STM32_Drivers.dir/__/__/Drivers/STM32F1xx_HAL_Driver/Src/stm32f1xx_hal.c.obj
 .debug_frame   0x000003d8      0x218 cmake/stm32cubemx/CMakeFiles/STM32_Drivers.dir/__/__/Drivers/STM32F1xx_HAL_Driver/Src/stm32f1xx_hal_rcc.c.obj
 .debug_frame   0x000005f0      0x428 cmake/stm32cubemx/CMakeFiles/STM32_Drivers.dir/__/__/Drivers/STM32F1xx_HAL_Driver/Src/stm32f1xx_hal_cortex.c.obj
 .debug_frame   0x00000a18       0x68 CMakeFiles/template_STM32F103C8T6.dir/Core/Src/main.c.obj
 .debug_frame   0x00000a80       0x38 CMakeFiles/template_STM32F103C8T6.dir/Core/Src/gpio.c.obj
 .debug_frame   0x00000ab8      0x104 CMakeFiles/template_STM32F103C8T6.dir/Core/Src/stm32f1xx_it.c.obj
 .debug_frame   0x00000bbc       0x38 CMakeFiles/template_STM32F103C8T6.dir/Core/Src/stm32f1xx_hal_msp.c.obj

.debug_info     0x00000000     0x22a9
 .debug_info    0x00000000      0x222 cmake/stm32cubemx/CMakeFiles/STM32_Drivers.dir/__/__/Core/Src/system_stm32f1xx.c.obj
 .debug_info    0x00000222      0x704 cmake/stm32cubemx/CMakeFiles/STM32_Drivers.dir/__/__/Drivers/STM32F1xx_HAL_Driver/Src/stm32f1xx_hal.c.obj
 .debug_info    0x00000926      0x7d5 cmake/stm32cubemx/CMakeFiles/STM32_Drivers.dir/__/__/Drivers/STM32F1xx_HAL_Driver/Src/stm32f1xx_hal_rcc.c.obj
 .debug_info    0x000010fb      0xa87 cmake/stm32cubemx/CMakeFiles/STM32_Drivers.dir/__/__/Drivers/STM32F1xx_HAL_Driver/Src/stm32f1xx_hal_cortex.c.obj
 .debug_info    0x00001b82      0x28a CMakeFiles/template_STM32F103C8T6.dir/Core/Src/main.c.obj
 .debug_info    0x00001e0c      0x169 CMakeFiles/template_STM32F103C8T6.dir/Core/Src/gpio.c.obj
 .debug_info    0x00001f75      0x113 CMakeFiles/template_STM32F103C8T6.dir/Core/Src/stm32f1xx_it.c.obj
 .debug_info    0x00002088      0x1f1 CMakeFiles/template_STM32F103C8T6.dir/Core/Src/stm32f1xx_hal_msp.c.obj
 .debug_info    0x00002279       0x30 CMakeFiles/template_STM32F103C8T6.dir/startup_stm32f103xb.s.obj

.debug_abbrev   0x00000000      0xc94
 .debug_abbrev  0x00000000      0x13f cmake/stm32cubemx/CMakeFiles/STM32_Drivers.dir/__/__/Core/Src/system_stm32f1xx.c.obj
 .debug_abbrev  0x0000013f      0x201 cmake/stm32cubemx/CMakeFiles/STM32_Drivers.dir/__/__/Drivers/STM32F1xx_HAL_Driver/Src/stm32f1xx_hal.c.obj
 .debug_abbrev  0x00000340      0x2b3 cmake/stm32cubemx/CMakeFiles/STM32_Drivers.dir/__/__/Drivers/STM32F1xx_HAL_Driver/Src/stm32f1xx_hal_rcc.c.obj
 .debug_abbrev  0x000005f3      0x2f8 cmake/stm32cubemx/CMakeFiles/STM32_Drivers.dir/__/__/Drivers/STM32F1xx_HAL_Driver/Src/stm32f1xx_hal_cortex.c.obj
 .debug_abbrev  0x000008eb      0x171 CMakeFiles/template_STM32F103C8T6.dir/Core/Src/main.c.obj
 .debug_abbrev  0x00000a5c       0xc6 CMakeFiles/template_STM32F103C8T6.dir/Core/Src/gpio.c.obj
 .debug_abbrev  0x00000b22       0x73 CMakeFiles/template_STM32F103C8T6.dir/Core/Src/stm32f1xx_it.c.obj
 .debug_abbrev  0x00000b95       0xdb CMakeFiles/template_STM32F103C8T6.dir/Core/Src/stm32f1xx_hal_msp.c.obj
 .debug_abbrev  0x00000c70       0x24 CMakeFiles/template_STM32F103C8T6.dir/startup_stm32f103xb.s.obj

.debug_aranges  0x00000000      0x390
 .debug_aranges
                0x00000000       0x28 cmake/stm32cubemx/CMakeFiles/STM32_Drivers.dir/__/__/Core/Src/system_stm32f1xx.c.obj
 .debug_aranges
                0x00000028       0xe0 cmake/stm32cubemx/CMakeFiles/STM32_Drivers.dir/__/__/Drivers/STM32F1xx_HAL_Driver/Src/stm32f1xx_hal.c.obj
 .debug_aranges
                0x00000108       0x90 cmake/stm32cubemx/CMakeFiles/STM32_Drivers.dir/__/__/Drivers/STM32F1xx_HAL_Driver/Src/stm32f1xx_hal_rcc.c.obj
 .debug_aranges
                0x00000198      0x100 cmake/stm32cubemx/CMakeFiles/STM32_Drivers.dir/__/__/Drivers/STM32F1xx_HAL_Driver/Src/stm32f1xx_hal_cortex.c.obj
 .debug_aranges
                0x00000298       0x30 CMakeFiles/template_STM32F103C8T6.dir/Core/Src/main.c.obj
 .debug_aranges
                0x000002c8       0x20 CMakeFiles/template_STM32F103C8T6.dir/Core/Src/gpio.c.obj
 .debug_aranges
                0x000002e8       0x60 CMakeFiles/template_STM32F103C8T6.dir/Core/Src/stm32f1xx_it.c.obj
 .debug_aranges
                0x00000348       0x20 CMakeFiles/template_STM32F103C8T6.dir/Core/Src/stm32f1xx_hal_msp.c.obj
 .debug_aranges
                0x00000368       0x28 CMakeFiles/template_STM32F103C8T6.dir/startup_stm32f103xb.s.obj

.debug_rnglists
                0x00000000      0x286
 .debug_rnglists
                0x00000000       0x1a cmake/stm32cubemx/CMakeFiles/STM32_Drivers.dir/__/__/Core/Src/system_stm32f1xx.c.obj
 .debug_rnglists
                0x0000001a       0xa3 cmake/stm32cubemx/CMakeFiles/STM32_Drivers.dir/__/__/Drivers/STM32F1xx_HAL_Driver/Src/stm32f1xx_hal.c.obj
 .debug_rnglists
                0x000000bd       0x6c cmake/stm32cubemx/CMakeFiles/STM32_Drivers.dir/__/__/Drivers/STM32F1xx_HAL_Driver/Src/stm32f1xx_hal_rcc.c.obj
 .debug_rnglists
                0x00000129       0xbb cmake/stm32cubemx/CMakeFiles/STM32_Drivers.dir/__/__/Drivers/STM32F1xx_HAL_Driver/Src/stm32f1xx_hal_cortex.c.obj
 .debug_rnglists
                0x000001e4       0x20 CMakeFiles/template_STM32F103C8T6.dir/Core/Src/main.c.obj
 .debug_rnglists
                0x00000204       0x13 CMakeFiles/template_STM32F103C8T6.dir/Core/Src/gpio.c.obj
 .debug_rnglists
                0x00000217       0x43 CMakeFiles/template_STM32F103C8T6.dir/Core/Src/stm32f1xx_it.c.obj
 .debug_rnglists
                0x0000025a       0x13 CMakeFiles/template_STM32F103C8T6.dir/Core/Src/stm32f1xx_hal_msp.c.obj
 .debug_rnglists
                0x0000026d       0x19 CMakeFiles/template_STM32F103C8T6.dir/startup_stm32f103xb.s.obj

.debug_macro    0x00000000    0x1590f
 .debug_macro   0x00000000      0x184 cmake/stm32cubemx/CMakeFiles/STM32_Drivers.dir/__/__/Core/Src/system_stm32f1xx.c.obj
 .debug_macro   0x00000184      0xacc cmake/stm32cubemx/CMakeFiles/STM32_Drivers.dir/__/__/Core/Src/system_stm32f1xx.c.obj
 .debug_macro   0x00000c50       0x2e cmake/stm32cubemx/CMakeFiles/STM32_Drivers.dir/__/__/Core/Src/system_stm32f1xx.c.obj
 .debug_macro   0x00000c7e       0x22 cmake/stm32cubemx/CMakeFiles/STM32_Drivers.dir/__/__/Core/Src/system_stm32f1xx.c.obj
 .debug_macro   0x00000ca0       0x22 cmake/stm32cubemx/CMakeFiles/STM32_Drivers.dir/__/__/Core/Src/system_stm32f1xx.c.obj
 .debug_macro   0x00000cc2       0x8e cmake/stm32cubemx/CMakeFiles/STM32_Drivers.dir/__/__/Core/Src/system_stm32f1xx.c.obj
 .debug_macro   0x00000d50       0x51 cmake/stm32cubemx/CMakeFiles/STM32_Drivers.dir/__/__/Core/Src/system_stm32f1xx.c.obj
 .debug_macro   0x00000da1      0x103 cmake/stm32cubemx/CMakeFiles/STM32_Drivers.dir/__/__/Core/Src/system_stm32f1xx.c.obj
 .debug_macro   0x00000ea4       0x6a cmake/stm32cubemx/CMakeFiles/STM32_Drivers.dir/__/__/Core/Src/system_stm32f1xx.c.obj
 .debug_macro   0x00000f0e      0x1df cmake/stm32cubemx/CMakeFiles/STM32_Drivers.dir/__/__/Core/Src/system_stm32f1xx.c.obj
 .debug_macro   0x000010ed       0x1c cmake/stm32cubemx/CMakeFiles/STM32_Drivers.dir/__/__/Core/Src/system_stm32f1xx.c.obj
 .debug_macro   0x00001109       0x22 cmake/stm32cubemx/CMakeFiles/STM32_Drivers.dir/__/__/Core/Src/system_stm32f1xx.c.obj
 .debug_macro   0x0000112b       0xbd cmake/stm32cubemx/CMakeFiles/STM32_Drivers.dir/__/__/Core/Src/system_stm32f1xx.c.obj
 .debug_macro   0x000011e8      0xd23 cmake/stm32cubemx/CMakeFiles/STM32_Drivers.dir/__/__/Core/Src/system_stm32f1xx.c.obj
 .debug_macro   0x00001f0b     0xe09e cmake/stm32cubemx/CMakeFiles/STM32_Drivers.dir/__/__/Core/Src/system_stm32f1xx.c.obj
 .debug_macro   0x0000ffa9       0x6d cmake/stm32cubemx/CMakeFiles/STM32_Drivers.dir/__/__/Core/Src/system_stm32f1xx.c.obj
 .debug_macro   0x00010016      0x20f cmake/stm32cubemx/CMakeFiles/STM32_Drivers.dir/__/__/Core/Src/system_stm32f1xx.c.obj
 .debug_macro   0x00010225     0x34a2 cmake/stm32cubemx/CMakeFiles/STM32_Drivers.dir/__/__/Core/Src/system_stm32f1xx.c.obj
 .debug_macro   0x000136c7      0x190 cmake/stm32cubemx/CMakeFiles/STM32_Drivers.dir/__/__/Core/Src/system_stm32f1xx.c.obj
 .debug_macro   0x00013857       0x5c cmake/stm32cubemx/CMakeFiles/STM32_Drivers.dir/__/__/Core/Src/system_stm32f1xx.c.obj
 .debug_macro   0x000138b3      0x5bc cmake/stm32cubemx/CMakeFiles/STM32_Drivers.dir/__/__/Core/Src/system_stm32f1xx.c.obj
 .debug_macro   0x00013e6f      0x289 cmake/stm32cubemx/CMakeFiles/STM32_Drivers.dir/__/__/Core/Src/system_stm32f1xx.c.obj
 .debug_macro   0x000140f8      0x1cb cmake/stm32cubemx/CMakeFiles/STM32_Drivers.dir/__/__/Core/Src/system_stm32f1xx.c.obj
 .debug_macro   0x000142c3      0x114 cmake/stm32cubemx/CMakeFiles/STM32_Drivers.dir/__/__/Core/Src/system_stm32f1xx.c.obj
 .debug_macro   0x000143d7      0x1b2 cmake/stm32cubemx/CMakeFiles/STM32_Drivers.dir/__/__/Core/Src/system_stm32f1xx.c.obj
 .debug_macro   0x00014589       0x27 cmake/stm32cubemx/CMakeFiles/STM32_Drivers.dir/__/__/Core/Src/system_stm32f1xx.c.obj
 .debug_macro   0x000145b0      0x136 cmake/stm32cubemx/CMakeFiles/STM32_Drivers.dir/__/__/Core/Src/system_stm32f1xx.c.obj
 .debug_macro   0x000146e6      0x1bc cmake/stm32cubemx/CMakeFiles/STM32_Drivers.dir/__/__/Core/Src/system_stm32f1xx.c.obj
 .debug_macro   0x000148a2       0x34 cmake/stm32cubemx/CMakeFiles/STM32_Drivers.dir/__/__/Core/Src/system_stm32f1xx.c.obj
 .debug_macro   0x000148d6       0x3c cmake/stm32cubemx/CMakeFiles/STM32_Drivers.dir/__/__/Core/Src/system_stm32f1xx.c.obj
 .debug_macro   0x00014912       0x57 cmake/stm32cubemx/CMakeFiles/STM32_Drivers.dir/__/__/Core/Src/system_stm32f1xx.c.obj
 .debug_macro   0x00014969       0x87 cmake/stm32cubemx/CMakeFiles/STM32_Drivers.dir/__/__/Core/Src/system_stm32f1xx.c.obj
 .debug_macro   0x000149f0      0x240 cmake/stm32cubemx/CMakeFiles/STM32_Drivers.dir/__/__/Core/Src/system_stm32f1xx.c.obj
 .debug_macro   0x00014c30      0x140 cmake/stm32cubemx/CMakeFiles/STM32_Drivers.dir/__/__/Core/Src/system_stm32f1xx.c.obj
 .debug_macro   0x00014d70       0x83 cmake/stm32cubemx/CMakeFiles/STM32_Drivers.dir/__/__/Core/Src/system_stm32f1xx.c.obj
 .debug_macro   0x00014df3      0x1a8 cmake/stm32cubemx/CMakeFiles/STM32_Drivers.dir/__/__/Drivers/STM32F1xx_HAL_Driver/Src/stm32f1xx_hal.c.obj
 .debug_macro   0x00014f9b      0x196 cmake/stm32cubemx/CMakeFiles/STM32_Drivers.dir/__/__/Drivers/STM32F1xx_HAL_Driver/Src/stm32f1xx_hal_rcc.c.obj
 .debug_macro   0x00015131      0x184 cmake/stm32cubemx/CMakeFiles/STM32_Drivers.dir/__/__/Drivers/STM32F1xx_HAL_Driver/Src/stm32f1xx_hal_cortex.c.obj
 .debug_macro   0x000152b5      0x19c CMakeFiles/template_STM32F103C8T6.dir/Core/Src/main.c.obj
 .debug_macro   0x00015451      0x198 CMakeFiles/template_STM32F103C8T6.dir/Core/Src/gpio.c.obj
 .debug_macro   0x000155e9      0x198 CMakeFiles/template_STM32F103C8T6.dir/Core/Src/stm32f1xx_it.c.obj
 .debug_macro   0x00015781      0x18e CMakeFiles/template_STM32F103C8T6.dir/Core/Src/stm32f1xx_hal_msp.c.obj

.debug_line     0x00000000     0x43f8
 .debug_line    0x00000000      0x6e8 cmake/stm32cubemx/CMakeFiles/STM32_Drivers.dir/__/__/Core/Src/system_stm32f1xx.c.obj
 .debug_line    0x000006e8      0x919 cmake/stm32cubemx/CMakeFiles/STM32_Drivers.dir/__/__/Drivers/STM32F1xx_HAL_Driver/Src/stm32f1xx_hal.c.obj
 .debug_line    0x00001001      0xdd2 cmake/stm32cubemx/CMakeFiles/STM32_Drivers.dir/__/__/Drivers/STM32F1xx_HAL_Driver/Src/stm32f1xx_hal_rcc.c.obj
 .debug_line    0x00001dd3      0xae3 cmake/stm32cubemx/CMakeFiles/STM32_Drivers.dir/__/__/Drivers/STM32F1xx_HAL_Driver/Src/stm32f1xx_hal_cortex.c.obj
 .debug_line    0x000028b6      0x6e2 CMakeFiles/template_STM32F103C8T6.dir/Core/Src/main.c.obj
 .debug_line    0x00002f98      0x666 CMakeFiles/template_STM32F103C8T6.dir/Core/Src/gpio.c.obj
 .debug_line    0x000035fe      0x718 CMakeFiles/template_STM32F103C8T6.dir/Core/Src/stm32f1xx_it.c.obj
 .debug_line    0x00003d16      0x66a CMakeFiles/template_STM32F103C8T6.dir/Core/Src/stm32f1xx_hal_msp.c.obj
 .debug_line    0x00004380       0x78 CMakeFiles/template_STM32F103C8T6.dir/startup_stm32f103xb.s.obj

.debug_str      0x00000000    0x7bb50
 .debug_str     0x00000000    0x7bb50 cmake/stm32cubemx/CMakeFiles/STM32_Drivers.dir/__/__/Core/Src/system_stm32f1xx.c.obj
                              0x7ae29 (size before relaxing)
 .debug_str     0x0007bb50    0x7b55c cmake/stm32cubemx/CMakeFiles/STM32_Drivers.dir/__/__/Drivers/STM32F1xx_HAL_Driver/Src/stm32f1xx_hal.c.obj
 .debug_str     0x0007bb50    0x7b258 cmake/stm32cubemx/CMakeFiles/STM32_Drivers.dir/__/__/Drivers/STM32F1xx_HAL_Driver/Src/stm32f1xx_hal_rcc.c.obj
 .debug_str     0x0007bb50    0x7b4a8 cmake/stm32cubemx/CMakeFiles/STM32_Drivers.dir/__/__/Drivers/STM32F1xx_HAL_Driver/Src/stm32f1xx_hal_cortex.c.obj
 .debug_str     0x0007bb50    0x7af35 CMakeFiles/template_STM32F103C8T6.dir/Core/Src/main.c.obj
 .debug_str     0x0007bb50    0x7add0 CMakeFiles/template_STM32F103C8T6.dir/Core/Src/gpio.c.obj
 .debug_str     0x0007bb50    0x7ae13 CMakeFiles/template_STM32F103C8T6.dir/Core/Src/stm32f1xx_it.c.obj
 .debug_str     0x0007bb50    0x7adfe CMakeFiles/template_STM32F103C8T6.dir/Core/Src/stm32f1xx_hal_msp.c.obj
 .debug_str     0x0007bb50       0xb2 CMakeFiles/template_STM32F103C8T6.dir/startup_stm32f103xb.s.obj

.debug_line_str
                0x00000000       0x96
 .debug_line_str
                0x00000000       0x96 CMakeFiles/template_STM32F103C8T6.dir/startup_stm32f103xb.s.obj
